Output/aggregated_top10_meals_weekly.csv
meal_id,week,num_orders,checkout_price,base_price,emailer_for_promotion,homepage_featured,category,cuisine,price_ratio,price_discount,selling_price,unit_cost,holding_cost,shortage_cost,shelf_life_weeks,week_of_year
1062,1,28943,176.2027272727273,176.2027272727273,0,0,Beverages,Italian,1.0,0.0,176.2,70.48,3.524,88.1,2,1
1062,2,26695,180.71064935064933,180.84051948051948,0,0,Beverages,Italian,0.9993,0.13,180.71,72.28,3.614,90.36,2,2
1062,3,27844,180.4992207792208,180.5381818181818,0,0,Beverages,Italian,0.9998,0.04,180.5,72.2,3.61,90.25,2,3
1062,4,31144,180.66415584415583,180.70311688311688,0,0,Beverages,Italian,0.9998,0.04,180.66,72.27,3.614,90.33,2,4
1062,5,29324,175.26381578947368,176.3753947368421,0,0,Beverages,Italian,0.9937,1.11,175.26,70.11,3.506,87.63,2,5
1062,6,36095,157.74276315789476,172.17907894736842,0,0,Beverages,Italian,0.9162,14.44,157.74,63.1,3.155,78.87,2,6
1062,7,39885,158.77973684210528,170.51710526315787,0,1,Beverages,Italian,0.9312,11.74,158.78,63.51,3.176,79.39,2,7
1062,8,35933,158.9951315789474,169.5080263157895,0,0,Beverages,Italian,0.938,10.51,159.0,63.6,3.18,79.5,2,8
1062,9,39054,158.5963157894737,168.5048684210526,0,0,Beverages,Italian,0.9412,9.91,158.6,63.44,3.172,79.3,2,9
1062,10,38642,159.39,168.74578947368423,0,0,Beverages,Italian,0.9446,9.36,159.39,63.76,3.188,79.69,2,10
1062,11,39063,159.58973684210525,167.9528947368421,0,0,Beverages,Italian,0.9502,8.36,159.59,63.84,3.192,79.79,2,11
1062,12,31458,176.43276315789473,176.41960526315788,0,0,Beverages,Italian,1.0001,-0.01,176.43,70.57,3.528,88.22,2,12
1062,13,25897,180.31592105263158,179.93434210526317,0,0,Beverages,Italian,1.0021,-0.38,180.32,72.13,3.606,90.16,2,13
1062,14,22265,179.69855263157896,179.6853947368421,0,0,Beverages,Italian,1.0001,-0.01,179.7,71.88,3.594,89.85,2,14
1062,15,24316,180.0953947368421,180.16486842105263,0,0,Beverages,Italian,0.9996,0.07,180.1,72.04,3.602,90.05,2,15
1062,16,23879,180.3371052631579,180.25815789473685,0,0,Beverages,Italian,1.0004,-0.08,180.34,72.13,3.606,90.17,2,16
1062,17,38622,159.24842105263158,179.25144736842105,1,1,Beverages,Italian,0.8884,20.0,159.25,63.7,3.185,79.62,2,17
1062,18,37932,158.30236842105262,179.08671052631578,1,1,Beverages,Italian,0.8839,20.78,158.3,63.32,3.166,79.15,2,18
1062,19,40004,158.50973684210527,177.92565789473684,0,1,Beverages,Italian,0.8909,19.42,158.51,63.4,3.17,79.25,2,19
1062,20,38499,158.79013157894738,177.4753947368421,0,1,Beverages,Italian,0.8947,18.69,158.79,63.52,3.176,79.4,2,20
1062,21,44479,158.84039473684211,176.79973684210526,0,1,Beverages,Italian,0.8984,17.96,158.84,63.54,3.177,79.42,2,21
1062,22,43709,159.38118421052633,176.31078947368422,0,1,Beverages,Italian,0.904,16.93,159.38,63.75,3.188,79.69,2,22
1062,23,44539,159.5482894736842,175.47,0,1,Beverages,Italian,0.9093,15.92,159.55,63.82,3.191,79.77,2,23
1062,24,29212,176.4575,176.36539473684212,0,1,Beverages,Italian,1.0005,-0.09,176.46,70.58,3.529,88.23,2,24
1062,25,31353,180.1588157894737,180.02723684210525,0,1,Beverages,Italian,1.0007,-0.13,180.16,72.06,3.603,90.08,2,25
1062,26,33708,179.9657894736842,179.97894736842105,0,0,Beverages,Italian,0.9999,0.01,179.97,71.99,3.6,89.98,2,26
1062,27,32576,179.69460526315788,179.49723684210525,0,0,Beverages,Italian,1.0011,-0.2,179.69,71.88,3.594,89.85,2,27
1062,28,31618,180.1444736842105,180.03921052631577,0,0,Beverages,Italian,1.0006,-0.11,180.14,72.06,3.603,90.07,2,28
1062,29,32685,176.38855263157896,176.57276315789474,0,0,Beverages,Italian,0.999,0.18,176.39,70.56,3.528,88.19,2,29
1062,30,43038,159.32766233766233,171.16532467532468,0,0,Beverages,Italian,0.9308,11.84,159.33,63.73,3.186,79.66,2,30
1062,31,41111,158.1896103896104,169.53753246753246,0,0,Beverages,Italian,0.9331,11.35,158.19,63.28,3.164,79.09,2,31
1062,32,50624,157.8235064935065,169.61584415584414,1,1,Beverages,Italian,0.9305,11.79,157.82,63.13,3.157,78.91,2,32
1062,33,42028,158.69662337662336,168.89818181818183,0,1,Beverages,Italian,0.9396,10.2,158.7,63.48,3.174,79.35,2,33
1062,34,40811,158.68051948051948,168.62259740259742,0,1,Beverages,Italian,0.941,9.94,158.68,63.47,3.174,79.34,2,34
1062,35,40486,159.5009090909091,169.0466233766234,0,1,Beverages,Italian,0.9435,9.55,159.5,63.8,3.19,79.75,2,35
1062,36,42639,158.93129870129872,168.59272727272727,0,0,Beverages,Italian,0.9427,9.66,158.93,63.57,3.178,79.47,2,36
1062,37,29668,177.38454545454547,177.68324675324675,0,0,Beverages,Italian,0.9983,0.3,177.38,70.95,3.548,88.69,2,37
1062,38,29807,180.15155844155845,180.15155844155845,0,0,Beverages,Italian,1.0,0.0,180.15,72.06,3.603,90.08,2,38
1062,39,32766,180.16064935064935,180.2255844155844,0,0,Beverages,Italian,0.9996,0.06,180.16,72.06,3.603,90.08,2,39
1062,40,32592,179.84337662337663,179.85636363636365,0,0,Beverages,Italian,0.9999,0.01,179.84,71.94,3.597,89.92,2,40
1062,41,34062,179.63272727272727,179.50285714285712,0,0,Beverages,Italian,1.0007,-0.13,179.63,71.85,3.592,89.82,2,41
1062,42,30989,180.21103896103895,180.19805194805195,0,0,Beverages,Italian,1.0001,-0.01,180.21,72.08,3.604,90.11,2,42
1062,43,31137,180.15948051948052,180.10753246753248,0,0,Beverages,Italian,1.0003,-0.05,180.16,72.06,3.603,90.08,2,43
1062,44,33788,178.95090909090908,178.82103896103897,0,0,Beverages,Italian,1.0007,-0.13,178.95,71.58,3.579,89.48,2,44
1062,45,39647,168.5931168831169,178.88987012987013,0,0,Beverages,Italian,0.9424,10.3,168.59,67.44,3.372,84.3,2,45
1062,46,38049,168.26987012987013,178.617012987013,0,0,Beverages,Italian,0.9421,10.35,168.27,67.31,3.366,84.13,2,46
1062,47,30739,169.71857142857144,179.65363636363637,0,0,Beverages,Italian,0.9447,9.94,169.72,67.89,3.395,84.86,2,47
1062,48,30967,179.97129870129868,179.93233766233766,0,0,Beverages,Italian,1.0002,-0.04,179.97,71.99,3.6,89.99,2,48
1062,49,26238,179.40636363636364,179.47129870129868,0,0,Beverages,Italian,0.9996,0.06,179.41,71.76,3.588,89.7,2,49
1062,50,26396,179.72363636363636,179.59376623376622,0,0,Beverages,Italian,1.0007,-0.13,179.72,71.89,3.594,89.86,2,50
1062,51,9725,179.56934210526316,179.8732894736842,0,0,Beverages,Italian,0.9983,0.3,179.57,71.83,3.592,89.78,2,51
1062,52,27984,180.01896103896104,180.3176623376623,0,0,Beverages,Italian,0.9983,0.3,180.02,72.01,3.601,90.01,2,52
1062,53,29274,180.12363636363636,180.20155844155846,0,0,Beverages,Italian,0.9996,0.08,180.12,72.05,3.602,90.06,2,1
1062,54,14014,179.97342105263158,180.15763157894736,0,0,Beverages,Italian,0.999,0.18,179.97,71.99,3.6,89.99,2,2
1062,55,32036,180.51298701298703,180.34415584415584,0,0,Beverages,Italian,1.0009,-0.17,180.51,72.21,3.61,90.26,2,3
1062,56,34611,176.32194805194806,176.64441558441558,0,0,Beverages,Italian,0.9982,0.32,176.32,70.53,3.527,88.16,2,4
1062,57,43223,158.89857142857144,172.25181818181818,0,0,Beverages,Italian,0.9225,13.35,158.9,63.56,3.178,79.45,2,5
1062,58,40376,157.26610389610389,170.80155844155843,0,0,Beverages,Italian,0.9208,13.54,157.27,62.91,3.146,78.63,2,6
1062,59,38976,158.3316883116883,170.34805194805193,0,0,Beverages,Italian,0.9295,12.02,158.33,63.33,3.166,79.17,2,7
1062,60,36006,158.41948051948052,170.30987012987015,0,0,Beverages,Italian,0.9302,11.89,158.42,63.37,3.168,79.21,2,8
1062,61,43542,158.64506493506494,169.9716883116883,0,0,Beverages,Italian,0.9334,11.33,158.65,63.46,3.173,79.32,2,9
1062,62,14091,177.46285714285713,177.5277922077922,0,0,Beverages,Italian,0.9996,0.06,177.46,70.99,3.55,88.73,2,10
1062,63,29065,180.47636363636363,180.4114285714286,0,0,Beverages,Italian,1.0004,-0.06,180.48,72.19,3.61,90.24,2,11
1062,64,29170,180.212987012987,180.34285714285713,0,0,Beverages,Italian,0.9993,0.13,180.21,72.09,3.605,90.11,2,12
1062,65,35609,169.5009090909091,179.21155844155842,0,0,Beverages,Italian,0.9458,9.71,169.5,67.8,3.39,84.75,2,13
1062,66,38611,169.46467532467534,179.07999999999998,0,0,Beverages,Italian,0.9463,9.62,169.46,67.79,3.39,84.73,2,14
1062,67,38759,169.84376623376622,178.93636363636364,0,0,Beverages,Italian,0.9492,9.09,169.84,67.94,3.397,84.92,2,15
1062,68,30914,169.62012987012986,178.29545454545453,0,0,Beverages,Italian,0.9513,8.68,169.62,67.85,3.392,84.81,2,16
1062,69,23862,179.32766233766233,179.28870129870128,0,0,Beverages,Italian,1.0002,-0.04,179.33,71.73,3.587,89.66,2,17
1062,70,24704,178.3816883116883,178.4725974025974,0,0,Beverages,Italian,0.9995,0.09,178.38,71.35,3.568,89.19,2,18
1062,71,24898,178.48519480519482,178.39428571428573,0,0,Beverages,Italian,1.0005,-0.09,178.49,71.39,3.57,89.24,2,19
1062,72,30385,179.1764935064935,179.12571428571428,0,1,Beverages,Italian,1.0003,-0.05,179.18,71.67,3.584,89.59,2,20
1062,73,28475,179.08116883116884,179.12103896103895,0,1,Beverages,Italian,0.9998,0.04,179.08,71.63,3.582,89.54,2,21
1062,74,34918,176.4112987012987,178.62259740259742,0,1,Beverages,Italian,0.9876,2.21,176.41,70.56,3.528,88.21,2,22
1062,75,29622,177.44714285714286,178.36948051948053,0,1,Beverages,Italian,0.9948,0.92,177.45,70.98,3.549,88.72,2,23
1062,76,25171,179.9803896103896,180.08584415584417,0,1,Beverages,Italian,0.9994,0.11,179.98,71.99,3.6,89.99,2,24
1062,77,26771,179.62012987012986,179.76298701298703,0,0,Beverages,Italian,0.9992,0.14,179.62,71.85,3.592,89.81,2,25
1062,78,27775,179.82402597402597,179.7331168831169,0,0,Beverages,Italian,1.0005,-0.09,179.82,71.93,3.597,89.91,2,26
1062,79,27986,179.30402597402596,179.3433766233766,0,1,Beverages,Italian,0.9998,0.04,179.3,71.72,3.586,89.65,2,27
1062,80,30776,179.96025974025974,180.0122077922078,0,0,Beverages,Italian,0.9997,0.05,179.96,71.98,3.599,89.98,2,28
1062,81,25494,179.80675324675323,179.85870129870128,0,0,Beverages,Italian,0.9997,0.05,179.81,71.92,3.596,89.9,2,29
1062,82,28957,180.1590909090909,180.0292207792208,0,0,Beverages,Italian,1.0007,-0.13,180.16,72.06,3.603,90.08,2,30
1062,83,35893,173.2564935064935,175.05311688311687,0,0,Beverages,Italian,0.9897,1.8,173.26,69.3,3.465,86.63,2,31
1062,84,34014,179.51896103896104,179.44103896103894,0,0,Beverages,Italian,1.0004,-0.08,179.52,71.81,3.591,89.76,2,32
1062,85,31185,179.50558441558442,179.42766233766235,0,0,Beverages,Italian,1.0004,-0.08,179.51,71.8,3.59,89.75,2,33
1062,86,30256,178.99657894736842,179.67144736842104,0,0,Beverages,Italian,0.9962,0.67,179.0,71.6,3.58,89.5,2,34
1062,87,31663,179.40441558441557,179.36545454545453,0,0,Beverages,Italian,1.0002,-0.04,179.4,71.76,3.588,89.7,2,35
1062,88,37676,159.98909090909092,174.2320779220779,0,1,Beverages,Italian,0.9183,14.24,159.99,64.0,3.2,79.99,2,36
1062,89,35480,158.91675324675325,172.28571428571428,0,1,Beverages,Italian,0.9224,13.37,158.92,63.57,3.178,79.46,2,37
1062,90,31521,158.94857142857143,171.82155844155844,0,0,Beverages,Italian,0.9251,12.87,158.95,63.58,3.179,79.47,2,38
1062,91,34444,159.18636363636364,170.7507792207792,0,0,Beverages,Italian,0.9323,11.56,159.19,63.67,3.184,79.59,2,39
1062,92,30601,158.37467532467534,169.82012987012988,0,0,Beverages,Italian,0.9326,11.45,158.37,63.35,3.168,79.19,2,40
1062,93,33567,159.35090909090908,169.93194805194804,0,0,Beverages,Italian,0.9377,10.58,159.35,63.74,3.187,79.68,2,41
1062,94,32439,159.3009090909091,163.39272727272726,1,0,Beverages,Italian,0.975,4.09,159.3,63.72,3.186,79.65,2,42
1062,95,31819,159.32610389610392,159.5638961038961,0,1,Beverages,Italian,0.9985,0.24,159.33,63.73,3.186,79.66,2,43
1062,96,33901,159.2733766233766,159.2603896103896,0,0,Beverages,Italian,1.0001,-0.01,159.27,63.71,3.186,79.64,2,44
1062,97,15637,159.28285714285715,159.68467532467534,0,1,Beverages,Italian,0.9975,0.4,159.28,63.71,3.186,79.64,2,45
1062,98,33380,158.82415584415585,158.69428571428574,0,0,Beverages,Italian,1.0008,-0.13,158.82,63.53,3.177,79.41,2,46
1062,99,27024,158.93558441558443,158.8057142857143,0,1,Beverages,Italian,1.0008,-0.13,158.94,63.57,3.178,79.47,2,47
1062,100,37662,159.27454545454546,159.27454545454546,0,0,Beverages,Italian,1.0,0.0,159.27,63.71,3.186,79.64,2,48
1062,101,28761,159.32415584415585,159.43987012987014,1,0,Beverages,Italian,0.9993,0.12,159.32,63.73,3.186,79.66,2,49
1062,102,25903,158.597012987013,158.997012987013,1,0,Beverages,Italian,0.9975,0.4,158.6,63.44,3.172,79.3,2,50
1062,103,22566,159.10844155844157,159.60324675324676,1,0,Beverages,Italian,0.9969,0.49,159.11,63.64,3.182,79.55,2,51
1062,104,30753,159.07454545454544,159.03558441558442,0,0,Beverages,Italian,1.0002,-0.04,159.07,63.63,3.182,79.54,2,52
1062,105,33598,158.89701298701297,158.93597402597402,0,0,Beverages,Italian,0.9998,0.04,158.9,63.56,3.178,79.45,2,1
1062,106,32992,159.07337662337662,158.90454545454546,0,0,Beverages,Italian,1.0011,-0.17,159.07,63.63,3.182,79.54,2,2
1062,107,32850,159.30207792207793,159.09428571428572,0,0,Beverages,Italian,1.0013,-0.21,159.3,63.72,3.186,79.65,2,3
1062,108,30996,160.09649350649352,159.95363636363638,0,0,Beverages,Italian,1.0009,-0.14,160.1,64.04,3.202,80.05,2,4
1062,109,36387,171.28428571428572,171.54402597402597,0,0,Beverages,Italian,0.9985,0.26,171.28,68.51,3.426,85.64,2,5
1062,110,28911,179.90597402597402,180.04883116883119,0,0,Beverages,Italian,0.9992,0.14,179.91,71.96,3.598,89.95,2,6
1062,111,29055,179.78116883116883,179.83311688311687,0,0,Beverages,Italian,0.9997,0.05,179.78,71.91,3.596,89.89,2,7
1062,112,31861,179.2261038961039,179.18714285714285,0,0,Beverages,Italian,1.0002,-0.04,179.23,71.69,3.585,89.61,2,8
1062,113,46686,158.72142857142856,178.14662337662335,0,1,Beverages,Italian,0.891,19.43,158.72,63.49,3.174,79.36,2,9
1062,114,46582,158.6025974025974,178.10766233766233,1,1,Beverages,Italian,0.8905,19.51,158.6,63.44,3.172,79.3,2,10
1062,115,36265,158.3896103896104,176.53181818181818,0,1,Beverages,Italian,0.8972,18.14,158.39,63.36,3.168,79.19,2,11
1062,116,40022,158.41909090909093,176.40194805194807,1,1,Beverages,Italian,0.8981,17.98,158.42,63.37,3.168,79.21,2,12
1062,117,30489,179.19649350649348,179.69454545454545,0,1,Beverages,Italian,0.9972,0.5,179.2,71.68,3.584,89.6,2,13
1062,118,30076,179.2638961038961,179.5422077922078,0,1,Beverages,Italian,0.9984,0.28,179.26,71.71,3.585,89.63,2,14
1062,119,31806,183.52064935064936,183.53363636363636,0,0,Beverages,Italian,0.9999,0.01,183.52,73.41,3.67,91.76,2,15
1062,120,28585,183.8883116883117,183.87532467532466,0,0,Beverages,Italian,1.0001,-0.01,183.89,73.56,3.678,91.94,2,16
1062,121,27007,183.472987012987,183.60285714285715,0,0,Beverages,Italian,0.9993,0.13,183.47,73.39,3.67,91.74,2,17
1062,122,26637,182.46792207792208,182.41597402597404,0,0,Beverages,Italian,1.0003,-0.05,182.47,72.99,3.649,91.23,2,18
1062,123,26799,182.98519480519482,182.92025974025975,0,0,Beverages,Italian,1.0004,-0.06,182.99,73.19,3.66,91.49,2,19
1062,124,23890,182.6183116883117,182.50103896103897,0,1,Beverages,Italian,1.0006,-0.12,182.62,73.05,3.652,91.31,2,20
1062,125,25816,183.09025974025974,182.8431168831169,0,1,Beverages,Italian,1.0014,-0.25,183.09,73.24,3.662,91.55,2,21
1062,126,33633,183.95285714285714,183.822987012987,0,1,Beverages,Italian,1.0007,-0.13,183.95,73.58,3.679,91.98,2,22
1062,127,33497,183.30571428571426,183.50051948051947,0,0,Beverages,Italian,0.9989,0.19,183.31,73.32,3.666,91.65,2,23
1062,128,30541,183.20688311688312,183.37571428571428,0,0,Beverages,Italian,0.9991,0.17,183.21,73.28,3.664,91.6,2,24
1062,129,27623,183.52064935064936,183.63636363636363,0,1,Beverages,Italian,0.9994,0.12,183.52,73.41,3.67,91.76,2,25
1062,130,31678,183.91116883116882,184.07999999999998,0,1,Beverages,Italian,0.9991,0.17,183.91,73.56,3.678,91.96,2,26
1062,131,32713,183.92610389610388,184.05675324675323,0,1,Beverages,Italian,0.9993,0.13,183.93,73.57,3.678,91.96,2,27
1062,132,41962,158.8387012987013,183.99181818181816,1,1,Beverages,Italian,0.8633,25.15,158.84,63.54,3.177,79.42,2,28
1062,133,34603,159.17454545454547,182.9505194805195,0,1,Beverages,Italian,0.87,23.78,159.17,63.67,3.184,79.59,2,29
1062,134,34036,158.76480519480518,181.54246753246753,0,1,Beverages,Italian,0.8745,22.78,158.76,63.51,3.176,79.38,2,30
1062,135,34293,172.42623376623376,180.43506493506493,0,0,Beverages,Italian,0.9556,8.01,172.43,68.97,3.448,86.21,2,31
1062,136,33761,170.51337662337664,178.28207792207792,0,0,Beverages,Italian,0.9564,7.77,170.51,68.21,3.41,85.26,2,32
1062,137,30233,170.9618181818182,178.10571428571427,0,0,Beverages,Italian,0.9599,7.14,170.96,68.38,3.419,85.48,2,33
1062,138,26498,181.7987012987013,181.74675324675326,0,0,Beverages,Italian,1.0003,-0.05,181.8,72.72,3.636,90.9,2,34
1062,139,31280,183.08324675324675,182.99233766233766,0,0,Beverages,Italian,1.0005,-0.09,183.08,73.23,3.662,91.54,2,35
1062,140,33077,182.99116883116884,183.09506493506493,0,0,Beverages,Italian,0.9994,0.1,182.99,73.2,3.66,91.5,2,36
1062,141,32729,179.0851948051948,179.84727272727272,0,0,Beverages,Italian,0.9958,0.76,179.09,71.63,3.582,89.54,2,37
1062,142,34990,172.17194805194805,174.54376623376623,0,0,Beverages,Italian,0.9864,2.37,172.17,68.87,3.444,86.09,2,38
1062,143,37333,172.3620779220779,174.7622077922078,0,0,Beverages,Italian,0.9863,2.4,172.36,68.94,3.447,86.18,2,39
1062,144,35981,172.0487012987013,173.81272727272727,0,0,Beverages,Italian,0.9899,1.76,172.05,68.82,3.441,86.02,2,40
1062,145,36144,172.45376623376623,173.10064935064935,1,1,Beverages,Italian,0.9963,0.65,172.45,68.98,3.449,86.23,2,41
