Output/aggregated_top10_meals_weekly.csv
meal_id,week,num_orders,checkout_price,base_price,emailer_for_promotion,homepage_featured,category,cuisine,price_ratio,price_discount,selling_price,unit_cost,holding_cost,shortage_cost,shelf_life_weeks,week_of_year
1109,1,63984,265.71194805194807,289.4636363636364,1,1,Rice Bowl,Indian,0.9179,23.75,265.71,106.28,5.314,132.86,2,1
1109,2,51122,260.83207792207793,285.4757142857143,1,1,Rice Bowl,Indian,0.9137,24.64,260.83,104.33,5.216,130.42,2,2
1109,3,36119,306.6842857142857,306.6416883116883,0,1,Rice Bowl,Indian,1.0001,-0.04,306.68,122.67,6.134,153.34,2,3
1109,4,37688,307.0153246753247,307.0492207792208,0,1,Rice Bowl,Indian,0.9999,0.03,307.02,122.81,6.14,153.51,2,4
1109,5,44633,178.41105263157894,307.0840789473684,0,0,Rice Bowl,Indian,0.581,128.67,178.41,71.36,3.568,89.21,2,5
1109,6,45541,161.29644736842107,307.2288157894737,0,0,Rice Bowl,Indian,0.525,145.93,161.3,64.52,3.226,80.65,2,6
1109,7,48019,209.37644736842105,306.6309210526316,0,0,Rice Bowl,Indian,0.6828,97.25,209.38,83.75,4.188,104.69,2,7
1109,8,43968,230.69934210526318,306.3911842105263,0,1,Rice Bowl,Indian,0.753,75.69,230.7,92.28,4.614,115.35,2,8
1109,9,45969,245.49105263157895,303.24118421052634,0,0,Rice Bowl,Indian,0.8096,57.75,245.49,98.2,4.91,122.75,2,9
1109,10,39740,260.62894736842105,299.55934210526317,0,0,Rice Bowl,Indian,0.87,38.93,260.63,104.25,5.212,130.31,2,10
1109,11,42484,267.5813157894737,272.7763157894737,0,0,Rice Bowl,Indian,0.981,5.19,267.58,107.03,5.352,133.79,2,11
1109,12,40951,270.1327631578947,277.0694736842105,0,0,Rice Bowl,Indian,0.975,6.94,270.13,108.05,5.402,135.07,2,12
1109,13,42698,275.74328947368423,283.5810526315789,0,0,Rice Bowl,Indian,0.9724,7.84,275.74,110.3,5.515,137.87,2,13
1109,14,39409,268.5807894736842,282.4044736842105,0,0,Rice Bowl,Indian,0.9511,13.82,268.58,107.43,5.372,134.29,2,14
1109,15,38531,270.9411842105263,281.9832894736842,0,0,Rice Bowl,Indian,0.9608,11.04,270.94,108.38,5.419,135.47,2,15
1109,16,34106,308.0911842105263,308.22276315789475,0,0,Rice Bowl,Indian,0.9996,0.13,308.09,123.24,6.162,154.05,2,16
1109,17,32878,298.3696052631579,306.96447368421053,0,1,Rice Bowl,Indian,0.972,8.59,298.37,119.35,5.968,149.18,2,17
1109,18,43302,240.42605263157895,304.4217105263158,0,0,Rice Bowl,Indian,0.7898,64.0,240.43,96.17,4.808,120.21,2,18
1109,19,103362,216.26342105263157,304.31644736842105,1,1,Rice Bowl,Indian,0.7107,88.05,216.26,86.51,4.326,108.13,2,19
1109,20,46552,227.5515789473684,303.5263157894737,0,1,Rice Bowl,Indian,0.7497,75.97,227.55,91.02,4.551,113.78,2,20
1109,21,44404,255.1380263157895,300.3846052631579,0,1,Rice Bowl,Indian,0.8494,45.25,255.14,102.06,5.103,127.57,2,21
1109,22,44151,265.0577631578947,296.6728947368421,0,1,Rice Bowl,Indian,0.8934,31.62,265.06,106.02,5.301,132.53,2,22
1109,23,41410,275.7242105263158,291.365,0,1,Rice Bowl,Indian,0.9463,15.64,275.72,110.29,5.515,137.86,2,23
1109,24,33861,276.07394736842105,289.8082894736842,0,1,Rice Bowl,Indian,0.9526,13.73,276.07,110.43,5.522,138.04,2,24
1109,25,28622,276.69144736842105,285.4269736842105,0,1,Rice Bowl,Indian,0.9694,8.74,276.69,110.68,5.534,138.35,2,25
1109,26,31003,276.2096052631579,284.7497368421053,0,0,Rice Bowl,Indian,0.97,8.54,276.21,110.48,5.524,138.1,2,26
1109,27,36585,279.485,287.8036842105263,0,0,Rice Bowl,Indian,0.9711,8.32,279.48,111.79,5.59,139.74,2,27
1109,28,37683,277.2681578947369,284.1115789473684,0,1,Rice Bowl,Indian,0.9759,6.84,277.27,110.91,5.546,138.63,2,28
1109,29,35526,307.0461842105263,307.25671052631577,0,0,Rice Bowl,Indian,0.9993,0.21,307.05,122.82,6.141,153.52,2,29
1109,30,84489,245.14155844155846,305.98194805194805,1,1,Rice Bowl,Indian,0.8012,60.84,245.14,98.06,4.903,122.57,2,30
1109,31,50784,220.20896103896104,305.6674025974026,0,1,Rice Bowl,Indian,0.7204,85.46,220.21,88.08,4.404,110.1,2,31
1109,32,55283,211.15454545454546,305.08909090909094,0,0,Rice Bowl,Indian,0.6921,93.93,211.15,84.46,4.223,105.58,2,32
1109,33,43061,226.5214285714286,304.62454545454545,0,0,Rice Bowl,Indian,0.7436,78.1,226.52,90.61,4.53,113.26,2,33
1109,34,37016,250.76909090909092,302.80584415584417,0,0,Rice Bowl,Indian,0.8282,52.04,250.77,100.31,5.016,125.38,2,34
1109,35,17191,269.5903896103896,298.3727272727273,0,0,Rice Bowl,Indian,0.9035,28.78,269.59,107.84,5.392,134.8,2,35
1109,36,39965,276.492987012987,295.3718181818182,0,0,Rice Bowl,Indian,0.9361,18.88,276.49,110.6,5.53,138.25,2,36
1109,37,36978,281.95714285714286,290.31584415584416,0,0,Rice Bowl,Indian,0.9712,8.36,281.96,112.78,5.639,140.98,2,37
1109,38,35899,287.4161038961039,291.49922077922076,0,0,Rice Bowl,Indian,0.986,4.08,287.42,114.97,5.748,143.71,2,38
1109,39,38749,283.54753246753245,290.6284415584415,0,0,Rice Bowl,Indian,0.9756,7.08,283.55,113.42,5.671,141.77,2,39
1109,40,37707,282.09805194805193,291.31896103896105,0,0,Rice Bowl,Indian,0.9683,9.22,282.1,112.84,5.642,141.05,2,40
1109,41,100079,236.4966233766234,291.29298701298706,1,1,Rice Bowl,Indian,0.8119,54.8,236.5,94.6,4.73,118.25,2,41
1109,42,31038,311.0964935064935,311.84285714285716,0,1,Rice Bowl,Indian,0.9976,0.75,311.1,124.44,6.222,155.55,2,42
1109,43,33024,313.57428571428574,314.3225974025974,0,1,Rice Bowl,Indian,0.9976,0.75,313.57,125.43,6.272,156.79,2,43
1109,44,42472,252.1342857142857,310.35324675324676,0,1,Rice Bowl,Indian,0.8124,58.22,252.13,100.85,5.042,126.07,2,44
1109,45,60694,249.84909090909093,308.1435064935065,0,1,Rice Bowl,Indian,0.8108,58.29,249.85,99.94,4.997,124.92,2,45
1109,46,95574,217.49545454545458,307.7798701298701,1,1,Rice Bowl,Indian,0.7067,90.28,217.5,87.0,4.35,108.75,2,46
1109,47,66081,227.55324675324673,307.9227272727273,1,1,Rice Bowl,Indian,0.739,80.37,227.55,91.02,4.551,113.78,2,47
1109,48,48376,251.8512987012987,306.20870129870127,0,1,Rice Bowl,Indian,0.8225,54.36,251.85,100.74,5.037,125.93,2,48
1109,49,43769,252.29688311688312,304.8544155844156,0,0,Rice Bowl,Indian,0.8276,52.56,252.3,100.92,5.046,126.15,2,49
1109,50,34783,290.78000000000003,303.24233766233766,0,0,Rice Bowl,Indian,0.9589,12.46,290.78,116.31,5.816,145.39,2,50
1109,51,28361,295.63077922077923,302.54792207792207,0,0,Rice Bowl,Indian,0.9771,6.92,295.63,118.25,5.913,147.82,2,51
1109,52,36826,296.41025974025973,300.33870129870127,0,0,Rice Bowl,Indian,0.9869,3.93,296.41,118.56,5.928,148.21,2,52
1109,53,38044,287.3916883116883,297.7097402597403,0,0,Rice Bowl,Indian,0.9653,10.32,287.39,114.96,5.748,143.7,2,1
1109,54,16990,284.83363636363634,294.327012987013,0,0,Rice Bowl,Indian,0.9677,9.49,284.83,113.93,5.696,142.42,2,2
1109,55,75244,253.5168831168831,294.37896103896105,1,1,Rice Bowl,Indian,0.8612,40.86,253.52,101.41,5.07,126.76,2,3
1109,56,33162,314.4142857142857,315.2650649350649,0,1,Rice Bowl,Indian,0.9973,0.85,314.41,125.77,6.288,157.21,2,4
1109,57,45970,225.69870129870128,314.24857142857144,0,1,Rice Bowl,Indian,0.7182,88.55,225.7,90.28,4.514,112.85,2,5
1109,58,46565,167.80142857142857,314.17064935064934,0,1,Rice Bowl,Indian,0.5341,146.37,167.8,67.12,3.356,83.9,2,6
1109,59,38813,190.6416883116883,313.6438961038961,0,1,Rice Bowl,Indian,0.6078,123.0,190.64,76.26,3.813,95.32,2,7
1109,60,41388,228.41974025974025,311.7302597402597,0,0,Rice Bowl,Indian,0.7327,83.31,228.42,91.37,4.568,114.21,2,8
1109,61,40304,250.2774025974026,308.66792207792207,0,0,Rice Bowl,Indian,0.8108,58.39,250.28,100.11,5.006,125.14,2,9
1109,62,17511,262.4919736842105,306.37368421052633,0,0,Rice Bowl,Indian,0.8568,43.88,262.49,105.0,5.25,131.25,2,10
1109,63,35549,263.5062337662338,271.7154545454545,0,0,Rice Bowl,Indian,0.9698,8.21,263.51,105.4,5.27,131.75,2,11
1109,64,36027,267.08623376623376,277.6625974025974,0,0,Rice Bowl,Indian,0.9619,10.58,267.09,106.83,5.342,133.54,2,12
1109,65,36844,267.1583116883117,280.7127272727273,0,0,Rice Bowl,Indian,0.9517,13.55,267.16,106.86,5.343,133.58,2,13
1109,66,34509,277.18662337662334,283.52155844155845,0,0,Rice Bowl,Indian,0.9777,6.33,277.19,110.87,5.544,138.59,2,14
1109,67,37652,257.54727272727274,282.1216883116883,0,0,Rice Bowl,Indian,0.9129,24.57,257.55,103.02,5.151,128.77,2,15
1109,68,32244,313.37116883116886,313.6438961038961,0,0,Rice Bowl,Indian,0.9991,0.27,313.37,125.35,6.268,156.69,2,16
1109,69,36378,303.1888311688312,309.83558441558444,0,0,Rice Bowl,Indian,0.9785,6.65,303.19,121.28,6.064,151.59,2,17
1109,70,41343,245.1742857142857,307.6818181818182,0,0,Rice Bowl,Indian,0.7968,62.51,245.17,98.07,4.904,122.59,2,18
1109,71,43240,232.72493506493507,306.29844155844154,0,0,Rice Bowl,Indian,0.7598,73.57,232.72,93.09,4.655,116.36,2,19
1109,72,37334,255.8549350649351,304.13051948051947,0,0,Rice Bowl,Indian,0.8413,48.28,255.85,102.34,5.117,127.93,2,20
1109,73,34586,270.6809090909091,299.49584415584417,0,0,Rice Bowl,Indian,0.9038,28.81,270.68,108.27,5.414,135.34,2,21
1109,74,36055,280.4485714285714,296.3697402597403,0,0,Rice Bowl,Indian,0.9463,15.92,280.45,112.18,5.609,140.22,2,22
1109,75,38155,287.23623376623374,293.7616883116883,0,0,Rice Bowl,Indian,0.9778,6.53,287.24,114.89,5.744,143.62,2,23
1109,76,34745,294.8501298701299,296.83428571428567,0,0,Rice Bowl,Indian,0.9933,1.98,294.85,117.94,5.897,147.43,2,24
1109,77,25296,296.20155844155846,300.17415584415585,0,0,Rice Bowl,Indian,0.9868,3.97,296.2,118.48,5.924,148.1,2,25
1109,78,27416,292.6436363636364,299.3379220779221,0,1,Rice Bowl,Indian,0.9776,6.69,292.64,117.06,5.853,146.32,2,26
1109,79,32437,294.8435064935065,298.401038961039,0,0,Rice Bowl,Indian,0.9881,3.56,294.84,117.94,5.897,147.42,2,27
1109,80,34713,292.25389610389607,297.3412987012987,0,0,Rice Bowl,Indian,0.9829,5.09,292.25,116.9,5.845,146.13,2,28
1109,81,30924,315.0138961038961,315.1567532467532,0,0,Rice Bowl,Indian,0.9995,0.14,315.01,126.01,6.3,157.51,2,29
1109,82,30687,315.492987012987,315.53194805194806,0,0,Rice Bowl,Indian,0.9999,0.04,315.49,126.2,6.31,157.75,2,30
1109,83,37696,256.0115584415584,313.3281818181818,0,0,Rice Bowl,Indian,0.8171,57.32,256.01,102.4,5.12,128.01,2,31
1109,84,31152,229.03974025974028,312.2066233766234,0,1,Rice Bowl,Indian,0.7336,83.17,229.04,91.62,4.581,114.52,2,32
1109,85,29951,248.25947368421055,310.0726315789474,0,1,Rice Bowl,Indian,0.8006,61.81,248.26,99.3,4.965,124.13,2,33
1109,86,25560,267.0492105263158,308.5968421052632,0,0,Rice Bowl,Indian,0.8654,41.55,267.05,106.82,5.341,133.52,2,34
1109,87,28579,281.9453246753247,304.0183116883117,0,0,Rice Bowl,Indian,0.9274,22.07,281.95,112.78,5.639,140.97,2,35
1109,88,30002,289.20493506493506,303.92506493506494,0,0,Rice Bowl,Indian,0.9516,14.72,289.2,115.68,5.784,144.6,2,36
1109,89,30230,295.9544155844156,300.02337662337663,0,0,Rice Bowl,Indian,0.9864,4.07,295.95,118.38,5.919,147.98,2,37
1109,90,31387,300.7887012987013,304.3545454545455,0,1,Rice Bowl,Indian,0.9883,3.57,300.79,120.32,6.016,150.39,2,38
1109,91,32960,297.98532467532465,303.6144155844156,0,0,Rice Bowl,Indian,0.9815,5.63,297.99,119.19,5.96,148.99,2,39
1109,92,30782,297.2248051948052,302.31922077922076,0,0,Rice Bowl,Indian,0.9831,5.09,297.22,118.89,5.945,148.61,2,40
1109,93,31747,295.96779220779223,303.6557142857143,0,1,Rice Bowl,Indian,0.9747,7.69,295.97,118.39,5.92,147.98,2,41
1109,94,28909,315.2555844155844,315.35948051948054,0,0,Rice Bowl,Indian,0.9997,0.1,315.26,126.1,6.305,157.63,2,42
1109,95,169161,288.97818181818184,315.32051948051947,1,1,Rice Bowl,Indian,0.9165,26.34,288.98,115.59,5.78,144.49,2,43
1109,96,31334,297.1283116883117,310.58272727272725,0,1,Rice Bowl,Indian,0.9567,13.45,297.13,118.85,5.942,148.56,2,44
1109,97,17748,231.31513513513514,308.6916216216216,0,1,Rice Bowl,Indian,0.7493,77.38,231.32,92.53,4.626,115.66,2,45
1109,98,161741,229.9692207792208,309.0671428571428,1,1,Rice Bowl,Indian,0.7441,79.1,229.97,91.99,4.6,114.98,2,46
1109,99,99234,233.1823376623377,308.9892207792208,1,1,Rice Bowl,Indian,0.7547,75.81,233.18,93.27,4.664,116.59,2,47
1109,100,28599,275.0564935064935,306.11103896103896,0,1,Rice Bowl,Indian,0.8986,31.05,275.06,110.02,5.501,137.53,2,48
1109,101,24609,277.6287012987013,304.0316883116883,0,1,Rice Bowl,Indian,0.9132,26.4,277.63,111.05,5.552,138.81,2,49
1109,102,21853,284.5103896103896,305.1051948051948,0,1,Rice Bowl,Indian,0.9325,20.59,284.51,113.8,5.69,142.26,2,50
1109,103,19778,283.74987012987015,300.15402597402596,0,0,Rice Bowl,Indian,0.9453,16.4,283.75,113.5,5.675,141.87,2,51
1109,104,30165,288.9785714285714,301.7515584415584,0,0,Rice Bowl,Indian,0.9577,12.77,288.98,115.59,5.78,144.49,2,52
1109,105,34974,289.9190909090909,299.4588311688311,0,0,Rice Bowl,Indian,0.9681,9.54,289.92,115.97,5.799,144.96,2,1
1109,106,87693,236.13285714285715,299.6276623376623,1,1,Rice Bowl,Indian,0.7881,63.49,236.13,94.45,4.722,118.07,2,2
1109,107,72577,243.17285714285717,299.6146753246753,1,1,Rice Bowl,Indian,0.8116,56.44,243.17,97.27,4.864,121.59,2,3
1109,108,31827,310.62883116883114,313.84467532467534,0,1,Rice Bowl,Indian,0.9898,3.22,310.63,124.25,6.212,155.31,2,4
1109,109,39187,267.5587012987013,310.93233766233766,0,1,Rice Bowl,Indian,0.8605,43.37,267.56,107.02,5.351,133.78,2,5
1109,110,38336,246.02701298701302,309.63792207792204,0,1,Rice Bowl,Indian,0.7946,63.61,246.03,98.41,4.921,123.01,2,6
1109,111,28123,245.4785714285714,307.50935064935067,0,1,Rice Bowl,Indian,0.7983,62.03,245.48,98.19,4.91,122.74,2,7
1109,112,27838,241.68987012987012,304.9516883116883,0,1,Rice Bowl,Indian,0.7926,63.26,241.69,96.68,4.834,120.84,2,8
1109,113,34000,281.79493506493503,304.0407792207792,0,1,Rice Bowl,Indian,0.9268,22.25,281.79,112.72,5.636,140.9,2,9
1109,114,31853,290.05727272727273,301.24103896103895,0,1,Rice Bowl,Indian,0.9629,11.18,290.06,116.02,5.801,145.03,2,10
1109,115,31622,292.6783116883117,302.06415584415583,0,0,Rice Bowl,Indian,0.9689,9.39,292.68,117.07,5.854,146.34,2,11
1109,116,31096,302.10350649350653,307.0279220779221,0,1,Rice Bowl,Indian,0.984,4.92,302.1,120.84,6.042,151.05,2,12
1109,117,32858,302.6783116883117,308.0235064935065,0,1,Rice Bowl,Indian,0.9826,5.35,302.68,121.07,6.054,151.34,2,13
1109,118,32672,301.51103896103893,310.63155844155847,0,1,Rice Bowl,Indian,0.9706,9.12,301.51,120.6,6.03,150.76,2,14
1109,119,102212,265.1309090909091,310.7614285714286,1,1,Rice Bowl,Indian,0.8532,45.63,265.13,106.05,5.302,132.57,2,15
1109,120,77543,271.7453246753247,310.72246753246753,1,1,Rice Bowl,Indian,0.8746,38.98,271.75,108.7,5.435,135.87,2,16
1109,121,31613,316.0957142857143,320.03155844155845,0,1,Rice Bowl,Indian,0.9877,3.94,316.1,126.44,6.322,158.05,2,17
1109,122,42594,232.37337662337663,320.08116883116884,0,1,Rice Bowl,Indian,0.726,87.71,232.37,92.95,4.648,116.19,2,18
1109,123,43412,207.88948051948051,319.97727272727275,0,1,Rice Bowl,Indian,0.6497,112.09,207.89,83.16,4.158,103.94,2,19
1109,124,37384,230.6522077922078,319.3016883116883,0,1,Rice Bowl,Indian,0.7224,88.65,230.65,92.26,4.613,115.33,2,20
1109,125,34922,255.16480519480518,317.6081818181818,0,1,Rice Bowl,Indian,0.8034,62.44,255.16,102.07,5.104,127.58,2,21
1109,126,35900,273.445974025974,313.31636363636363,0,1,Rice Bowl,Indian,0.8727,39.87,273.45,109.38,5.469,136.72,2,22
1109,127,34574,280.091948051948,309.5788311688312,0,1,Rice Bowl,Indian,0.9048,29.49,280.09,112.04,5.602,140.05,2,23
1109,128,32708,284.4423376623377,291.02844155844156,0,0,Rice Bowl,Indian,0.9774,6.59,284.44,113.78,5.689,142.22,2,24
1109,129,44349,295.86701298701297,298.26012987012984,0,1,Rice Bowl,Indian,0.992,2.39,295.87,118.35,5.918,147.93,2,25
1109,130,158653,227.0592207792208,298.37701298701296,1,1,Rice Bowl,Indian,0.761,71.32,227.06,90.82,4.541,113.53,2,26
1109,131,124954,227.55636363636364,298.2471428571428,1,1,Rice Bowl,Indian,0.763,70.69,227.56,91.02,4.551,113.78,2,27
1109,132,48417,289.77415584415587,297.67077922077925,0,1,Rice Bowl,Indian,0.9735,7.9,289.77,115.91,5.796,144.89,2,28
1109,133,41489,316.9783116883117,318.04948051948054,0,1,Rice Bowl,Indian,0.9966,1.07,316.98,126.79,6.34,158.49,2,29
1109,134,66208,319.9433766233766,319.91545454545457,0,1,Rice Bowl,Indian,1.0001,-0.03,319.94,127.98,6.399,159.97,2,30
1109,135,36422,241.4687012987013,318.3388311688312,0,1,Rice Bowl,Indian,0.7585,76.87,241.47,96.59,4.83,120.73,2,31
1109,136,36487,223.93623376623376,317.76402597402597,0,0,Rice Bowl,Indian,0.7047,93.83,223.94,89.57,4.478,111.97,2,32
1109,137,33417,247.94571428571427,314.52454545454543,0,1,Rice Bowl,Indian,0.7883,66.58,247.95,99.18,4.959,123.97,2,33
1109,138,42355,279.75493506493507,310.40714285714284,0,1,Rice Bowl,Indian,0.9013,30.65,279.75,111.9,5.595,139.88,2,34
1109,139,42346,295.92883116883115,306.06974025974023,0,1,Rice Bowl,Indian,0.9669,10.14,295.93,118.37,5.919,147.96,2,35
1109,140,45331,288.72311688311686,298.2612987012987,0,1,Rice Bowl,Indian,0.968,9.54,288.72,115.49,5.774,144.36,2,36
1109,141,36680,290.19740259740263,294.4946753246753,0,1,Rice Bowl,Indian,0.9854,4.3,290.2,116.08,5.804,145.1,2,37
1109,142,35948,292.90974025974026,297.5015584415584,0,1,Rice Bowl,Indian,0.9846,4.59,292.91,117.16,5.858,146.45,2,38
1109,143,45787,296.5338961038961,300.22532467532466,0,1,Rice Bowl,Indian,0.9877,3.69,296.53,118.61,5.93,148.27,2,39
1109,144,43042,295.9544155844156,298.6888311688312,0,1,Rice Bowl,Indian,0.9908,2.73,295.95,118.38,5.919,147.98,2,40
1109,145,42568,290.8020779220779,295.7044155844156,0,1,Rice Bowl,Indian,0.9834,4.9,290.8,116.32,5.816,145.4,2,41
