Output/aggregated_top10_meals_weekly.csv
meal_id,week,num_orders,checkout_price,base_price,emailer_for_promotion,homepage_featured,category,cuisine,price_ratio,price_discount,selling_price,unit_cost,holding_cost,shortage_cost,shelf_life_weeks,week_of_year
1727,1,28606,413.2279220779221,420.4525974025974,0,1,Rice Bowl,Indian,0.9828,7.22,413.23,165.29,8.264,206.61,2,1
1727,2,21071,424.9921052631579,426.2409210526316,0,1,Rice Bowl,Indian,0.9971,1.25,424.99,170.0,8.5,212.5,2,2
1727,3,24270,427.7354545454545,427.7484415584415,0,0,Rice Bowl,Indian,1.0,0.01,427.74,171.09,8.554,213.87,2,3
1727,4,27037,426.59857142857146,427.3996103896104,0,0,Rice Bowl,Indian,0.9981,0.8,426.6,170.64,8.532,213.3,2,4
1727,5,109841,248.5553947368421,427.165,1,1,Rice Bowl,Indian,0.5819,178.61,248.56,99.42,4.971,124.28,2,5
1727,6,80319,249.4046052631579,427.04657894736846,1,1,Rice Bowl,Indian,0.584,177.64,249.4,99.76,4.988,124.7,2,6
1727,7,25299,413.9671052631579,423.66789473684213,0,1,Rice Bowl,Indian,0.9771,9.7,413.97,165.59,8.28,206.98,2,7
1727,8,26369,414.6125,422.68197368421056,0,1,Rice Bowl,Indian,0.9809,8.07,414.61,165.85,8.292,207.31,2,8
1727,9,24191,420.6471052631579,424.7607894736842,0,1,Rice Bowl,Indian,0.9903,4.11,420.65,168.26,8.413,210.32,2,9
1727,10,23919,423.6464473684211,425.3534210526316,0,1,Rice Bowl,Indian,0.996,1.71,423.65,169.46,8.473,211.82,2,10
1727,11,24288,426.48894736842107,426.3067105263158,0,1,Rice Bowl,Indian,1.0004,-0.18,426.49,170.6,8.53,213.24,2,11
1727,12,27198,425.8256,425.61426666666665,0,1,Rice Bowl,Indian,1.0005,-0.21,425.83,170.33,8.516,212.91,2,12
1727,13,27607,425.5648684210526,425.50105263157894,0,1,Rice Bowl,Indian,1.0001,-0.06,425.56,170.23,8.512,212.78,2,13
1727,14,24067,425.97605263157897,426.703552631579,0,0,Rice Bowl,Indian,0.9983,0.73,425.98,170.39,8.519,212.99,2,14
1727,15,26097,426.358947368421,426.33263157894737,0,0,Rice Bowl,Indian,1.0001,-0.03,426.36,170.54,8.527,213.18,2,15
1727,16,25088,427.1,427.1526315789474,0,0,Rice Bowl,Indian,0.9999,0.05,427.1,170.84,8.542,213.55,2,16
1727,17,26315,427.6782894736842,427.4940789473684,0,0,Rice Bowl,Indian,1.0004,-0.18,427.68,171.07,8.554,213.84,2,17
1727,18,23968,424.6869736842105,425.4296052631579,0,0,Rice Bowl,Indian,0.9983,0.74,424.69,169.87,8.494,212.34,2,18
1727,19,20878,420.72763157894735,421.91302631578947,0,0,Rice Bowl,Indian,0.9972,1.19,420.73,168.29,8.414,210.36,2,19
1727,20,21802,422.6046052631579,423.4167105263158,0,0,Rice Bowl,Indian,0.9981,0.81,422.6,169.04,8.452,211.3,2,20
1727,21,28194,424.3335526315789,424.09671052631575,0,0,Rice Bowl,Indian,1.0006,-0.24,424.33,169.73,8.486,212.17,2,21
1727,22,26006,424.4560526315789,425.1596052631579,0,0,Rice Bowl,Indian,0.9983,0.7,424.46,169.78,8.489,212.23,2,22
1727,23,24998,426.3182894736842,426.3314473684211,0,1,Rice Bowl,Indian,1.0,0.01,426.32,170.53,8.526,213.16,2,23
1727,24,21035,426.4897368421053,426.41078947368425,0,1,Rice Bowl,Indian,1.0002,-0.08,426.49,170.6,8.53,213.24,2,24
1727,25,138949,250.53250000000003,426.4371052631579,1,1,Rice Bowl,Indian,0.5875,175.9,250.53,100.21,5.01,125.27,2,25
1727,26,110795,252.16776315789474,426.345,1,1,Rice Bowl,Indian,0.5915,174.18,252.17,100.87,5.044,126.08,2,26
1727,27,25902,412.7861842105263,421.8403947368421,0,1,Rice Bowl,Indian,0.9785,9.05,412.79,165.11,8.256,206.39,2,27
1727,28,23288,423.4848684210526,425.33750000000003,0,0,Rice Bowl,Indian,0.9956,1.85,423.48,169.39,8.47,211.74,2,28
1727,29,25326,424.2781578947368,426.898552631579,0,0,Rice Bowl,Indian,0.9939,2.62,424.28,169.71,8.486,212.14,2,29
1727,30,24454,426.30090909090904,426.41779220779216,0,0,Rice Bowl,Indian,0.9997,0.12,426.3,170.52,8.526,213.15,2,30
1727,31,26056,422.78350649350654,422.92636363636365,0,0,Rice Bowl,Indian,0.9997,0.14,422.78,169.11,8.456,211.39,2,31
1727,32,25612,423.2996103896104,423.95272727272726,0,0,Rice Bowl,Indian,0.9985,0.65,423.3,169.32,8.466,211.65,2,32
1727,33,23081,422.9416883116883,423.9483116883117,0,0,Rice Bowl,Indian,0.9976,1.01,422.94,169.18,8.459,211.47,2,33
1727,34,23935,425.1136363636364,425.1915584415584,0,0,Rice Bowl,Indian,0.9998,0.08,425.11,170.05,8.503,212.56,2,34
1727,35,10933,424.8613157894737,424.95342105263154,0,0,Rice Bowl,Indian,0.9998,0.09,424.86,169.94,8.497,212.43,2,35
1727,36,24527,427.3122077922078,427.24727272727273,0,0,Rice Bowl,Indian,1.0002,-0.06,427.31,170.92,8.546,213.66,2,36
1727,37,23047,426.24740259740264,426.3123376623377,0,0,Rice Bowl,Indian,0.9998,0.06,426.25,170.5,8.525,213.12,2,37
1727,38,23878,426.3501298701299,426.1942857142857,0,0,Rice Bowl,Indian,1.0004,-0.16,426.35,170.54,8.527,213.18,2,38
1727,39,29517,426.38558441558445,426.60636363636365,0,0,Rice Bowl,Indian,0.9995,0.22,426.39,170.55,8.528,213.19,2,39
1727,40,24618,427.13584415584415,427.13584415584415,0,0,Rice Bowl,Indian,1.0,0.0,427.14,170.85,8.542,213.57,2,40
1727,41,20682,426.48402597402605,426.6528571428572,0,0,Rice Bowl,Indian,0.9996,0.17,426.48,170.59,8.53,213.24,2,41
1727,42,22565,427.2831168831169,427.25714285714287,0,0,Rice Bowl,Indian,1.0001,-0.03,427.28,170.91,8.546,213.64,2,42
1727,43,26851,425.6218181818181,426.261948051948,0,0,Rice Bowl,Indian,0.9985,0.64,425.62,170.25,8.513,212.81,2,43
1727,44,27007,425.17857142857144,425.96272727272725,0,0,Rice Bowl,Indian,0.9982,0.78,425.18,170.07,8.504,212.59,2,44
1727,45,30391,424.02000000000004,424.74675324675326,0,0,Rice Bowl,Indian,0.9983,0.73,424.02,169.61,8.481,212.01,2,45
1727,46,21844,423.2377922077922,423.3936363636364,0,0,Rice Bowl,Indian,0.9996,0.16,423.24,169.3,8.465,211.62,2,46
1727,47,19137,426.6548051948052,426.48597402597403,0,0,Rice Bowl,Indian,1.0004,-0.17,426.65,170.66,8.533,213.33,2,47
1727,48,25005,425.5427272727273,425.6466233766234,0,0,Rice Bowl,Indian,0.9998,0.1,425.54,170.22,8.511,212.77,2,48
1727,49,21763,426.24779220779226,426.4166233766234,0,0,Rice Bowl,Indian,0.9996,0.17,426.25,170.5,8.525,213.12,2,49
1727,50,22734,425.95649350649353,426.9984415584415,0,0,Rice Bowl,Indian,0.9976,1.04,425.96,170.38,8.519,212.98,2,50
1727,51,18606,427.80233766233766,427.6984415584415,0,0,Rice Bowl,Indian,1.0002,-0.1,427.8,171.12,8.556,213.9,2,51
1727,52,26760,427.4315584415585,427.5224675324676,0,0,Rice Bowl,Indian,0.9998,0.09,427.43,170.97,8.548,213.72,2,52
1727,53,25971,427.58779220779223,427.66571428571433,0,0,Rice Bowl,Indian,0.9998,0.08,427.59,171.04,8.552,213.79,2,1
1727,54,11497,425.6035526315789,425.6298684210526,0,0,Rice Bowl,Indian,0.9999,0.03,425.6,170.24,8.512,212.8,2,2
1727,55,21389,426.8055844155844,427.62675324675325,0,0,Rice Bowl,Indian,0.9981,0.82,426.81,170.72,8.536,213.4,2,3
1727,56,26758,427.8279220779221,427.711038961039,0,0,Rice Bowl,Indian,1.0003,-0.12,427.83,171.13,8.556,213.91,2,4
1727,57,26805,423.41727272727275,424.0066233766234,0,0,Rice Bowl,Indian,0.9986,0.59,423.42,169.37,8.468,211.71,2,5
1727,58,108109,265.8638961038961,424.0845454545455,1,1,Rice Bowl,Indian,0.6269,158.22,265.86,106.35,5.318,132.93,2,6
1727,59,84926,268.22441558441557,424.0196103896104,1,1,Rice Bowl,Indian,0.6326,155.8,268.22,107.29,5.365,134.11,2,7
1727,60,26708,415.9927272727273,421.4001298701299,0,1,Rice Bowl,Indian,0.9872,5.41,415.99,166.4,8.32,208.0,2,8
1727,61,24442,424.7644155844156,424.4620779220779,0,1,Rice Bowl,Indian,1.0007,-0.3,424.76,169.91,8.496,212.38,2,9
1727,62,10144,426.64376623376626,425.9648051948052,0,1,Rice Bowl,Indian,1.0016,-0.68,426.64,170.66,8.533,213.32,2,10
1727,63,23034,426.6174025974026,426.6174025974026,0,0,Rice Bowl,Indian,1.0,0.0,426.62,170.65,8.532,213.31,2,11
1727,64,22893,426.2383116883117,426.9457142857143,0,0,Rice Bowl,Indian,0.9983,0.71,426.24,170.5,8.525,213.12,2,12
1727,65,27101,426.6548051948052,426.70675324675324,0,0,Rice Bowl,Indian,0.9999,0.05,426.65,170.66,8.533,213.33,2,13
1727,66,22725,427.388961038961,427.23311688311685,0,0,Rice Bowl,Indian,1.0004,-0.16,427.39,170.96,8.548,213.69,2,14
1727,67,24681,427.1953246753247,427.2083116883117,0,0,Rice Bowl,Indian,1.0,0.01,427.2,170.88,8.544,213.6,2,15
1727,68,24686,427.4220779220779,427.33116883116884,0,0,Rice Bowl,Indian,1.0002,-0.09,427.42,170.97,8.548,213.71,2,16
1727,69,27394,426.76701298701295,426.792987012987,0,0,Rice Bowl,Indian,0.9999,0.03,426.77,170.71,8.536,213.38,2,17
1727,70,24072,425.28285714285715,425.14,0,0,Rice Bowl,Indian,1.0003,-0.14,425.28,170.11,8.506,212.64,2,18
1727,71,22420,422.78506493506495,424.0364935064935,0,0,Rice Bowl,Indian,0.997,1.25,422.79,169.11,8.456,211.39,2,19
1727,72,22603,425.5954545454545,425.60844155844154,0,0,Rice Bowl,Indian,1.0,0.01,425.6,170.24,8.512,212.8,2,20
1727,73,26770,425.61233766233767,425.58636363636367,0,0,Rice Bowl,Indian,1.0001,-0.03,425.61,170.24,8.512,212.81,2,21
1727,74,30175,425.99467532467537,426.134025974026,0,1,Rice Bowl,Indian,0.9997,0.14,425.99,170.4,8.52,213.0,2,22
1727,75,25424,426.8590909090909,426.75519480519483,0,0,Rice Bowl,Indian,1.0002,-0.1,426.86,170.74,8.537,213.43,2,23
1727,76,23548,424.70493506493506,426.0836363636364,0,0,Rice Bowl,Indian,0.9968,1.38,424.7,169.88,8.494,212.35,2,24
1727,77,123518,249.55818181818182,426.3433766233766,1,1,Rice Bowl,Indian,0.5853,176.79,249.56,99.82,4.991,124.78,2,25
1727,78,109614,251.05883116883115,426.2264935064935,1,1,Rice Bowl,Indian,0.589,175.17,251.06,100.42,5.021,125.53,2,26
1727,79,30902,382.34818181818184,425.0124675324675,1,1,Rice Bowl,Indian,0.8996,42.66,382.35,152.94,7.647,191.17,2,27
1727,80,26703,420.6557142857143,427.23389610389614,0,1,Rice Bowl,Indian,0.9846,6.58,420.66,168.26,8.413,210.33,2,28
1727,81,26461,427.1509090909091,427.3976623376624,0,1,Rice Bowl,Indian,0.9994,0.25,427.15,170.86,8.543,213.58,2,29
1727,82,100634,326.7302597402597,426.97999999999996,1,1,Rice Bowl,Indian,0.7652,100.25,326.73,130.69,6.534,163.37,2,30
1727,83,153238,310.1887012987013,424.50376623376627,1,1,Rice Bowl,Indian,0.7307,114.32,310.19,124.08,6.204,155.09,2,31
1727,84,23561,404.36844155844153,421.26116883116885,0,1,Rice Bowl,Indian,0.9599,16.89,404.37,161.75,8.088,202.18,2,32
1727,85,22668,421.9067532467532,426.56389610389607,0,1,Rice Bowl,Indian,0.9891,4.66,421.91,168.76,8.438,210.95,2,33
1727,86,24593,422.18077922077924,427.217012987013,0,1,Rice Bowl,Indian,0.9882,5.04,422.18,168.87,8.444,211.09,2,34
1727,87,24664,421.5844155844156,427.22129870129874,0,1,Rice Bowl,Indian,0.9868,5.64,421.58,168.63,8.432,210.79,2,35
1727,88,23359,422.6649350649351,427.16298701298706,0,1,Rice Bowl,Indian,0.9895,4.5,422.66,169.07,8.454,211.33,2,36
1727,89,23284,423.181038961039,426.85558441558436,0,1,Rice Bowl,Indian,0.9914,3.67,423.18,169.27,8.464,211.59,2,37
1727,90,23555,423.9581818181818,427.47324675324677,0,1,Rice Bowl,Indian,0.9918,3.52,423.96,169.58,8.479,211.98,2,38
1727,91,27980,424.7490909090909,427.56103896103895,0,0,Rice Bowl,Indian,0.9934,2.81,424.75,169.9,8.495,212.37,2,39
1727,92,22808,423.5141558441558,427.87792207792205,0,0,Rice Bowl,Indian,0.9898,4.36,423.51,169.41,8.47,211.76,2,40
1727,93,22984,425.2777922077922,427.26818181818186,0,0,Rice Bowl,Indian,0.9953,1.99,425.28,170.11,8.506,212.64,2,41
1727,94,24047,427.25324675324674,427.35714285714283,0,0,Rice Bowl,Indian,0.9998,0.1,427.25,170.9,8.545,213.63,2,42
1727,95,32721,426.5768831168831,427.467012987013,0,0,Rice Bowl,Indian,0.9979,0.89,426.58,170.63,8.532,213.29,2,43
1727,96,25596,426.93233766233766,428.0448051948052,0,0,Rice Bowl,Indian,0.9974,1.11,426.93,170.77,8.538,213.47,2,44
1727,97,10816,427.957012987013,427.6972727272728,0,0,Rice Bowl,Indian,1.0006,-0.26,427.96,171.18,8.559,213.98,2,45
1727,98,21406,427.5866233766234,427.8203896103896,0,0,Rice Bowl,Indian,0.9995,0.23,427.59,171.03,8.552,213.79,2,46
1727,99,20007,427.23389610389614,427.3118181818182,0,0,Rice Bowl,Indian,0.9998,0.08,427.23,170.89,8.544,213.62,2,47
1727,100,26254,427.6984415584415,427.5945454545454,0,0,Rice Bowl,Indian,1.0002,-0.1,427.7,171.08,8.554,213.85,2,48
1727,101,21752,427.00519480519483,426.9142857142857,0,0,Rice Bowl,Indian,1.0002,-0.09,427.01,170.8,8.54,213.5,2,49
1727,102,20696,426.43909090909085,427.09181818181816,0,0,Rice Bowl,Indian,0.9985,0.65,426.44,170.58,8.529,213.22,2,50
1727,103,17838,427.61454545454546,427.5496103896104,0,0,Rice Bowl,Indian,1.0002,-0.06,427.61,171.05,8.552,213.81,2,51
1727,104,27517,427.07922077922075,427.78935064935064,0,0,Rice Bowl,Indian,0.9983,0.71,427.08,170.83,8.542,213.54,2,52
1727,105,26639,427.49454545454546,427.5075324675325,0,0,Rice Bowl,Indian,1.0,0.01,427.49,171.0,8.55,213.75,2,1
1727,106,21024,427.2724675324676,427.16857142857145,0,0,Rice Bowl,Indian,1.0002,-0.1,427.27,170.91,8.546,213.64,2,2
1727,107,21403,427.77402597402596,427.69610389610386,0,0,Rice Bowl,Indian,1.0002,-0.08,427.77,171.11,8.556,213.89,2,3
1727,108,25776,427.7354545454545,427.7484415584415,0,0,Rice Bowl,Indian,1.0,0.01,427.74,171.09,8.554,213.87,2,4
1727,109,27464,427.39454545454544,427.5503896103896,0,0,Rice Bowl,Indian,0.9996,0.16,427.39,170.96,8.548,213.7,2,5
1727,110,22858,425.5045454545455,425.5305194805195,0,0,Rice Bowl,Indian,0.9999,0.03,425.5,170.2,8.51,212.75,2,6
1727,111,132218,246.9268831168831,425.7383116883117,1,1,Rice Bowl,Indian,0.58,178.81,246.93,98.77,4.938,123.46,2,7
1727,112,114342,248.00363636363636,425.6603896103896,1,1,Rice Bowl,Indian,0.5826,177.66,248.0,99.2,4.96,124.0,2,8
1727,113,27400,438.03662337662337,442.03623376623375,0,1,Rice Bowl,Indian,0.991,4.0,438.04,175.21,8.76,219.02,2,9
1727,114,22728,441.2753246753246,445.55324675324675,0,1,Rice Bowl,Indian,0.9904,4.28,441.28,176.51,8.826,220.64,2,10
1727,115,23152,443.1948051948052,446.62129870129866,0,1,Rice Bowl,Indian,0.9923,3.43,443.19,177.28,8.864,221.6,2,11
1727,116,25368,446.29415584415585,447.3263636363636,0,1,Rice Bowl,Indian,0.9977,1.03,446.29,178.52,8.926,223.15,2,12
1727,117,29277,445.3863636363636,446.5075324675325,0,1,Rice Bowl,Indian,0.9975,1.12,445.39,178.15,8.908,222.69,2,13
1727,118,25898,443.3822077922078,445.6272727272728,0,0,Rice Bowl,Indian,0.995,2.25,443.38,177.35,8.868,221.69,2,14
1727,119,23724,447.2996103896104,447.2996103896104,0,0,Rice Bowl,Indian,1.0,0.0,447.3,178.92,8.946,223.65,2,15
1727,120,21525,447.0094805194806,447.0866233766234,0,1,Rice Bowl,Indian,0.9998,0.08,447.01,178.8,8.94,223.5,2,16
1727,121,24442,447.3972727272727,447.55311688311684,0,0,Rice Bowl,Indian,0.9997,0.16,447.4,178.96,8.948,223.7,2,17
1727,122,23558,447.36454545454546,447.3385714285714,0,0,Rice Bowl,Indian,1.0001,-0.03,447.36,178.95,8.948,223.68,2,18
1727,123,23260,447.0641558441559,447.0901298701299,0,0,Rice Bowl,Indian,0.9999,0.03,447.06,178.83,8.942,223.53,2,19
1727,124,22613,448.3951948051948,448.36922077922077,0,0,Rice Bowl,Indian,1.0001,-0.03,448.4,179.36,8.968,224.2,2,20
1727,125,24291,447.0964935064935,447.9302597402597,0,1,Rice Bowl,Indian,0.9981,0.83,447.1,178.84,8.942,223.55,2,21
1727,126,27099,446.3276623376624,447.9790909090909,0,1,Rice Bowl,Indian,0.9963,1.65,446.33,178.53,8.926,223.16,2,22
1727,127,23677,447.78181818181815,448.44675324675325,0,1,Rice Bowl,Indian,0.9985,0.66,447.78,179.11,8.956,223.89,2,23
1727,128,23177,447.41376623376624,448.1566233766234,0,1,Rice Bowl,Indian,0.9983,0.74,447.41,178.97,8.949,223.71,2,24
1727,129,26405,447.17285714285714,448.14948051948056,0,0,Rice Bowl,Indian,0.9978,0.98,447.17,178.87,8.944,223.59,2,25
1727,130,28396,445.5635064935065,448.24753246753244,0,1,Rice Bowl,Indian,0.994,2.68,445.56,178.23,8.912,222.78,2,26
1727,131,22321,445.00922077922075,447.62831168831167,0,0,Rice Bowl,Indian,0.9941,2.62,445.01,178.0,8.9,222.5,2,27
1727,132,25348,444.58090909090913,447.21259740259745,0,0,Rice Bowl,Indian,0.9941,2.63,444.58,177.83,8.892,222.29,2,28
1727,133,24014,443.7215584415584,447.3622077922078,0,0,Rice Bowl,Indian,0.9919,3.64,443.72,177.49,8.875,221.86,2,29
1727,134,31119,445.27376623376625,445.867012987013,0,1,Rice Bowl,Indian,0.9987,0.59,445.27,178.11,8.906,222.64,2,30
1727,135,80228,326.211038961039,445.78909090909093,1,1,Rice Bowl,Indian,0.7318,119.58,326.21,130.48,6.524,163.11,2,31
1727,136,72350,325.254025974026,445.854025974026,1,1,Rice Bowl,Indian,0.7295,120.6,325.25,130.1,6.505,162.63,2,32
1727,137,61045,325.2976623376623,445.48792207792206,0,1,Rice Bowl,Indian,0.7302,120.19,325.3,130.12,6.506,162.65,2,33
1727,138,30977,419.5502597402597,443.2507792207792,0,1,Rice Bowl,Indian,0.9465,23.7,419.55,167.82,8.391,209.78,2,34
1727,139,29131,428.2657142857143,445.7784415584416,0,1,Rice Bowl,Indian,0.9607,17.51,428.27,171.31,8.566,214.13,2,35
1727,140,25698,429.07116883116885,445.2761038961039,0,1,Rice Bowl,Indian,0.9636,16.2,429.07,171.63,8.582,214.54,2,36
1727,141,21757,440.3005194805195,445.40012987012983,0,1,Rice Bowl,Indian,0.9886,5.1,440.3,176.12,8.806,220.15,2,37
1727,142,22456,442.0614285714286,446.711038961039,0,1,Rice Bowl,Indian,0.9896,4.65,442.06,176.82,8.841,221.03,2,38
1727,143,27368,442.44090909090903,446.72999999999996,0,1,Rice Bowl,Indian,0.9904,4.29,442.44,176.98,8.849,221.22,2,39
1727,144,23137,443.29441558441556,446.8181818181818,0,1,Rice Bowl,Indian,0.9921,3.52,443.29,177.32,8.866,221.65,2,40
1727,145,22147,442.28740259740255,446.03831168831164,0,1,Rice Bowl,Indian,0.9916,3.75,442.29,176.91,8.846,221.14,2,41
