Output/aggregated_top10_meals_weekly.csv
meal_id,week,num_orders,checkout_price,base_price,emailer_for_promotion,homepage_featured,category,cuisine,price_ratio,price_discount,selling_price,unit_cost,holding_cost,shortage_cost,shelf_life_weeks,week_of_year
1885,1,55941,125.30285714285714,125.38636363636364,0,1,Beverages,Thai,0.9993,0.08,125.3,50.12,2.506,62.65,2,1
1885,2,66683,114.52974025974027,125.34779220779221,1,1,Beverages,Thai,0.9137,10.82,114.53,45.81,2.29,57.26,2,2
1885,3,59831,114.60376623376624,125.55480519480518,0,1,Beverages,Thai,0.9128,10.95,114.6,45.84,2.292,57.3,2,3
1885,4,62001,124.47896103896105,125.56623376623376,0,1,Beverages,Thai,0.9913,1.09,124.48,49.79,2.49,62.24,2,4
1885,5,52944,129.06078947368422,127.9582894736842,0,1,Beverages,Thai,1.0086,-1.1,129.06,51.62,2.581,64.53,2,5
1885,6,51463,129.13776315789474,128.04723684210526,0,1,Beverages,Thai,1.0085,-1.09,129.14,51.66,2.583,64.57,2,6
1885,7,54024,129.04394736842104,128.40144736842106,0,1,Beverages,Thai,1.005,-0.64,129.04,51.62,2.581,64.52,2,7
1885,8,65824,118.23881578947368,128.54381578947368,1,1,Beverages,Thai,0.9198,10.31,118.24,47.3,2.365,59.12,2,8
1885,9,55216,126.70907894736841,127.38355263157894,0,1,Beverages,Thai,0.9947,0.67,126.71,50.68,2.534,63.35,2,9
1885,10,52134,127.67710526315791,127.45421052631579,0,1,Beverages,Thai,1.0017,-0.22,127.68,51.07,2.554,63.84,2,10
1885,11,55970,128.74486842105264,127.91447368421052,0,1,Beverages,Thai,1.0065,-0.83,128.74,51.5,2.575,64.37,2,11
1885,12,56966,128.64197368421054,127.81434210526315,0,1,Beverages,Thai,1.0065,-0.83,128.64,51.46,2.573,64.32,2,12
1885,13,55825,129.07986842105262,128.00697368421052,0,1,Beverages,Thai,1.0084,-1.07,129.08,51.63,2.582,64.54,2,13
1885,14,43112,129.09223684210528,128.96697368421053,0,1,Beverages,Thai,1.001,-0.13,129.09,51.64,2.582,64.55,2,14
1885,15,48051,125.14842105263159,129.05276315789473,0,1,Beverages,Thai,0.9697,3.9,125.15,50.06,2.503,62.57,2,15
1885,16,47590,124.29266666666668,128.82986666666667,0,1,Beverages,Thai,0.9648,4.54,124.29,49.72,2.486,62.15,2,16
1885,17,49462,125.10697368421052,129.18157894736842,0,1,Beverages,Thai,0.9685,4.07,125.11,50.04,2.502,62.55,2,17
1885,18,47697,124.91710526315791,129.12973684210527,0,1,Beverages,Thai,0.9674,4.21,124.92,49.97,2.498,62.46,2,18
1885,19,51538,120.69052631578947,129.07197368421052,0,1,Beverages,Thai,0.9351,8.38,120.69,48.28,2.414,60.35,2,19
1885,20,52279,120.09539473684211,129.18,0,1,Beverages,Thai,0.9297,9.08,120.1,48.04,2.402,60.05,2,20
1885,21,51322,119.93773333333333,127.03173333333332,0,1,Beverages,Thai,0.9442,7.09,119.94,47.98,2.399,59.97,2,21
1885,22,52222,120.14407894736843,127.43065789473684,0,1,Beverages,Thai,0.9428,7.29,120.14,48.06,2.403,60.07,2,22
1885,23,42349,127.73736842105264,131.84907894736844,0,1,Beverages,Thai,0.9688,4.11,127.74,51.09,2.555,63.87,2,23
1885,24,40669,127.48216216216217,132.65162162162162,0,1,Beverages,Thai,0.961,5.17,127.48,50.99,2.55,63.74,2,24
1885,25,39250,127.50635135135137,127.07256756756757,0,1,Beverages,Thai,1.0034,-0.43,127.51,51.0,2.55,63.75,2,25
1885,26,41490,127.57293333333335,126.76573333333334,0,1,Beverages,Thai,1.0064,-0.81,127.57,51.03,2.552,63.79,2,26
1885,27,45949,112.80946666666668,126.86960000000002,0,1,Beverages,Thai,0.8892,14.06,112.81,45.12,2.256,56.4,2,27
1885,28,43650,112.8588,126.95933333333335,0,1,Beverages,Thai,0.8889,14.1,112.86,45.14,2.257,56.43,2,28
1885,29,44782,112.73146666666668,126.06693333333334,0,1,Beverages,Thai,0.8942,13.34,112.73,45.09,2.254,56.37,2,29
1885,30,46883,113.02578947368423,125.86789473684212,0,1,Beverages,Thai,0.898,12.84,113.03,45.21,2.26,56.51,2,30
1885,31,49586,122.75077922077921,126.62324675324675,0,1,Beverages,Thai,0.9694,3.87,122.75,49.1,2.455,61.38,2,31
1885,32,51224,122.80116883116884,126.46935064935064,0,1,Beverages,Thai,0.971,3.67,122.8,49.12,2.456,61.4,2,32
1885,33,51247,122.9535064935065,123.76207792207792,0,1,Beverages,Thai,0.9935,0.81,122.95,49.18,2.459,61.48,2,33
1885,34,50575,122.60818181818182,123.08142857142857,0,1,Beverages,Thai,0.9962,0.47,122.61,49.04,2.452,61.3,2,34
1885,35,53679,123.1278947368421,123.48644736842104,0,1,Beverages,Thai,0.9971,0.36,123.13,49.25,2.463,61.56,2,35
1885,36,62148,117.54921052631579,123.68105263157895,1,1,Beverages,Thai,0.9504,6.13,117.55,47.02,2.351,58.77,2,36
1885,37,54952,122.59815789473686,123.23157894736842,0,1,Beverages,Thai,0.9949,0.63,122.6,49.04,2.452,61.3,2,37
1885,38,56412,120.68013157894738,121.58592105263159,0,1,Beverages,Thai,0.9926,0.91,120.68,48.27,2.414,60.34,2,38
1885,39,60345,121.6212,122.52280000000002,0,1,Beverages,Thai,0.9926,0.9,121.62,48.65,2.432,60.81,2,39
1885,40,58966,122.42671052631579,123.45092105263159,0,1,Beverages,Thai,0.9917,1.02,122.43,48.97,2.448,61.21,2,40
1885,41,58943,123.41578947368421,123.51315789473684,0,1,Beverages,Thai,0.9992,0.1,123.42,49.37,2.468,61.71,2,41
1885,42,56781,123.51434210526315,123.64078947368422,0,1,Beverages,Thai,0.999,0.13,123.51,49.41,2.47,61.76,2,42
1885,43,58455,123.22039473684211,123.52710526315789,0,1,Beverages,Thai,0.9975,0.31,123.22,49.29,2.464,61.61,2,43
1885,44,54749,123.50197368421053,123.73289473684211,0,1,Beverages,Thai,0.9981,0.23,123.5,49.4,2.47,61.75,2,44
1885,45,66718,120.1584210526316,123.33486842105265,0,1,Beverages,Thai,0.9742,3.18,120.16,48.06,2.403,60.08,2,45
1885,46,73660,117.6425,122.95276315789474,0,1,Beverages,Thai,0.9568,5.31,117.64,47.06,2.353,58.82,2,46
1885,47,61338,118.51763157894737,123.70184210526315,0,1,Beverages,Thai,0.9581,5.18,118.52,47.41,2.37,59.26,2,47
1885,48,88025,108.02065789473684,123.8071052631579,1,1,Beverages,Thai,0.8725,15.79,108.02,43.21,2.161,54.01,2,48
1885,49,92330,107.89184210526317,123.73328947368421,1,1,Beverages,Thai,0.872,15.84,107.89,43.16,2.158,53.95,2,49
1885,50,105559,107.92657894736843,123.58013157894737,0,1,Beverages,Thai,0.8733,15.65,107.93,43.17,2.158,53.96,2,50
1885,51,73983,108.22447368421052,123.46092105263159,0,1,Beverages,Thai,0.8766,15.24,108.22,43.29,2.164,54.11,2,51
1885,52,82010,108.40236842105263,123.50039473684211,1,1,Beverages,Thai,0.8777,15.1,108.4,43.36,2.168,54.2,2,52
1885,53,105237,108.29947368421053,123.53947368421052,1,1,Beverages,Thai,0.8766,15.24,108.3,43.32,2.166,54.15,2,1
1885,54,90051,108.21013157894735,122.33934210526317,0,1,Beverages,Thai,0.8845,14.13,108.21,43.28,2.164,54.11,2,2
1885,55,76241,117.24259740259741,126.31818181818181,0,1,Beverages,Thai,0.9282,9.08,117.24,46.9,2.345,58.62,2,3
1885,56,70047,120.3718181818182,128.27194805194807,0,1,Beverages,Thai,0.9384,7.9,120.37,48.15,2.408,60.19,2,4
1885,57,72653,131.7244155844156,130.28948051948052,0,1,Beverages,Thai,1.011,-1.43,131.72,52.69,2.634,65.86,2,5
1885,58,53394,131.8244155844156,130.69181818181818,0,1,Beverages,Thai,1.0087,-1.13,131.82,52.73,2.636,65.91,2,6
1885,59,53446,132.19480519480518,130.74740259740258,0,1,Beverages,Thai,1.0111,-1.45,132.19,52.88,2.644,66.1,2,7
1885,60,57363,130.7949350649351,129.9690909090909,0,1,Beverages,Thai,1.0064,-0.83,130.79,52.32,2.616,65.4,2,8
1885,61,66344,116.82246753246753,129.5974025974026,0,1,Beverages,Thai,0.9014,12.77,116.82,46.73,2.336,58.41,2,9
1885,62,27825,116.76184210526316,129.47513157894738,0,1,Beverages,Thai,0.9018,12.71,116.76,46.7,2.335,58.38,2,10
1885,63,53360,129.89434210526318,129.71605263157895,1,1,Beverages,Thai,1.0014,-0.18,129.89,51.96,2.598,64.95,2,11
1885,64,54881,130.39857142857144,130.27376623376622,0,1,Beverages,Thai,1.001,-0.12,130.4,52.16,2.608,65.2,2,12
1885,65,56856,130.454025974026,130.11194805194808,0,1,Beverages,Thai,1.0026,-0.34,130.45,52.18,2.609,65.23,2,13
1885,66,57090,130.7225974025974,130.65051948051948,0,1,Beverages,Thai,1.0006,-0.07,130.72,52.29,2.614,65.36,2,14
1885,67,58175,130.8792207792208,130.75285714285712,0,1,Beverages,Thai,1.001,-0.13,130.88,52.35,2.618,65.44,2,15
1885,68,62816,118.39168831168831,130.6474025974026,0,1,Beverages,Thai,0.9062,12.26,118.39,47.36,2.368,59.2,2,16
1885,69,66903,118.40818181818182,130.99220779220778,1,1,Beverages,Thai,0.9039,12.58,118.41,47.36,2.368,59.2,2,17
1885,70,57091,130.35402597402597,130.4848051948052,0,1,Beverages,Thai,0.999,0.13,130.35,52.14,2.607,65.18,2,18
1885,71,60689,131.2425974025974,131.51142857142858,0,1,Beverages,Thai,0.998,0.27,131.24,52.5,2.625,65.62,2,19
1885,72,59204,131.56064935064936,131.4968831168831,0,1,Beverages,Thai,1.0005,-0.06,131.56,52.62,2.631,65.78,2,20
1885,73,54283,131.62246753246754,131.50987012987014,0,1,Beverages,Thai,1.0009,-0.11,131.62,52.65,2.633,65.81,2,21
1885,74,58286,131.46857142857144,131.3925974025974,0,1,Beverages,Thai,1.0006,-0.08,131.47,52.59,2.63,65.73,2,22
1885,75,53197,131.6083116883117,131.42090909090908,0,1,Beverages,Thai,1.0014,-0.19,131.61,52.64,2.632,65.8,2,23
1885,76,51723,131.47363636363636,131.23116883116884,0,1,Beverages,Thai,1.0018,-0.24,131.47,52.59,2.63,65.74,2,24
1885,77,50933,131.5457142857143,131.28350649350648,0,1,Beverages,Thai,1.002,-0.26,131.55,52.62,2.631,65.77,2,25
1885,78,54351,131.50038961038962,131.30675324675326,0,1,Beverages,Thai,1.0015,-0.19,131.5,52.6,2.63,65.75,2,26
1885,79,52749,131.53118421052633,131.45776315789476,0,1,Beverages,Thai,1.0006,-0.07,131.53,52.61,2.63,65.77,2,27
1885,80,49668,131.59947368421052,131.77605263157895,0,1,Beverages,Thai,0.9987,0.18,131.6,52.64,2.632,65.8,2,28
1885,81,48544,131.64727272727274,131.5209090909091,0,1,Beverages,Thai,1.001,-0.13,131.65,52.66,2.633,65.82,2,29
1885,82,52916,131.63584415584415,131.6614285714286,0,1,Beverages,Thai,0.9998,0.03,131.64,52.65,2.633,65.82,2,30
1885,83,51523,131.592987012987,131.76532467532468,0,1,Beverages,Thai,0.9987,0.17,131.59,52.64,2.632,65.8,2,31
1885,84,52091,131.46381578947367,131.6221052631579,0,1,Beverages,Thai,0.9988,0.16,131.46,52.59,2.63,65.73,2,32
1885,85,58680,117.85662337662339,130.11597402597403,0,1,Beverages,Thai,0.9058,12.26,117.86,47.14,2.357,58.93,2,33
1885,86,61379,117.77870129870131,130.35999999999999,1,1,Beverages,Thai,0.9035,12.58,117.78,47.11,2.356,58.89,2,34
1885,87,53112,130.3171052631579,130.72315789473686,0,1,Beverages,Thai,0.9969,0.41,130.32,52.13,2.607,65.16,2,35
1885,88,52350,130.71197368421053,131.12197368421053,0,1,Beverages,Thai,0.9969,0.41,130.71,52.28,2.614,65.36,2,36
1885,89,56919,130.68753246753246,130.74025974025975,0,1,Beverages,Thai,0.9996,0.05,130.69,52.28,2.614,65.34,2,37
1885,90,54012,131.3807792207792,131.18987012987014,0,1,Beverages,Thai,1.0015,-0.19,131.38,52.55,2.628,65.69,2,38
1885,91,56129,130.53194805194806,130.9331168831169,0,1,Beverages,Thai,0.9969,0.4,130.53,52.21,2.61,65.27,2,39
1885,92,55050,130.69064935064935,131.0174025974026,0,1,Beverages,Thai,0.9975,0.33,130.69,52.28,2.614,65.35,2,40
1885,93,57131,130.86935064935065,130.82610389610392,0,1,Beverages,Thai,1.0003,-0.04,130.87,52.35,2.618,65.43,2,41
1885,94,55656,130.52766233766235,130.56272727272727,0,1,Beverages,Thai,0.9997,0.04,130.53,52.21,2.61,65.26,2,42
1885,95,55445,130.5383116883117,130.81545454545454,0,1,Beverages,Thai,0.9979,0.28,130.54,52.22,2.611,65.27,2,43
1885,96,55579,130.70168831168832,131.04181818181817,0,1,Beverages,Thai,0.9974,0.34,130.7,52.28,2.614,65.35,2,44
1885,97,56818,130.70597402597403,130.90324675324678,0,1,Beverages,Thai,0.9985,0.2,130.71,52.28,2.614,65.35,2,45
1885,98,65625,129.99684210526317,130.57355263157896,0,1,Beverages,Thai,0.9956,0.58,130.0,52.0,2.6,65.0,2,46
1885,99,56842,133.0577922077922,132.97233766233768,0,1,Beverages,Thai,1.0006,-0.09,133.06,53.22,2.661,66.53,2,47
1885,100,68539,132.4527272727273,132.49090909090907,0,1,Beverages,Thai,0.9997,0.04,132.45,52.98,2.649,66.23,2,48
1885,101,81870,131.85077922077923,132.15116883116883,0,1,Beverages,Thai,0.9977,0.3,131.85,52.74,2.637,65.93,2,49
1885,102,84402,131.72285714285715,132.0503896103896,0,1,Beverages,Thai,0.9975,0.33,131.72,52.69,2.634,65.86,2,50
1885,103,67367,120.62610389610388,132.03974025974026,0,1,Beverages,Thai,0.9136,11.41,120.63,48.25,2.412,60.31,2,51
1885,104,66446,120.52922077922078,132.34324675324675,1,1,Beverages,Thai,0.9107,11.81,120.53,48.21,2.411,60.26,2,52
1885,105,59066,132.39246753246752,132.52714285714285,0,1,Beverages,Thai,0.999,0.13,132.39,52.96,2.648,66.2,2,1
1885,106,56580,130.28675324675325,131.8283116883117,0,1,Beverages,Thai,0.9883,1.54,130.29,52.11,2.606,65.14,2,2
1885,107,60939,119.56714285714285,131.5712987012987,0,1,Beverages,Thai,0.9088,12.0,119.57,47.83,2.392,59.78,2,3
1885,108,61934,120.10051948051948,131.78584415584416,0,1,Beverages,Thai,0.9113,11.69,120.1,48.04,2.402,60.05,2,4
1885,109,68816,119.99896103896104,131.80948051948053,0,1,Beverages,Thai,0.9104,11.81,120.0,48.0,2.4,60.0,2,5
1885,110,60393,120.03207792207792,131.92753246753247,0,1,Beverages,Thai,0.9098,11.9,120.03,48.01,2.4,60.02,2,6
1885,111,52884,120.58831168831168,132.01337662337664,0,1,Beverages,Thai,0.9135,11.43,120.59,48.24,2.412,60.29,2,7
1885,112,27638,121.18947368421053,131.97513157894738,0,1,Beverages,Thai,0.9183,10.79,121.19,48.48,2.424,60.59,2,8
1885,113,59242,120.70565789473683,127.5578947368421,0,1,Beverages,Thai,0.9463,6.85,120.71,48.28,2.414,60.35,2,9
1885,114,56073,120.59779220779221,125.73636363636365,0,1,Beverages,Thai,0.9591,5.14,120.6,48.24,2.412,60.3,2,10
1885,115,56568,120.72883116883118,124.65766233766233,0,1,Beverages,Thai,0.9685,3.93,120.73,48.29,2.415,60.36,2,11
1885,116,55516,121.82802631578947,124.01855263157894,0,1,Beverages,Thai,0.9823,2.19,121.83,48.73,2.436,60.91,2,12
1885,117,56892,122.23623376623377,124.16558441558442,0,1,Beverages,Thai,0.9845,1.93,122.24,48.89,2.444,61.12,2,13
1885,118,55831,133.1609090909091,133.4068831168831,0,1,Beverages,Thai,0.9982,0.25,133.16,53.26,2.663,66.58,2,14
1885,119,56730,133.32389610389612,133.54233766233767,0,1,Beverages,Thai,0.9984,0.22,133.32,53.33,2.666,66.66,2,15
1885,120,53127,132.91684210526316,133.40578947368422,0,1,Beverages,Thai,0.9963,0.49,132.92,53.17,2.658,66.46,2,16
1885,121,55845,133.62584415584416,133.54558441558441,0,1,Beverages,Thai,1.0006,-0.08,133.63,53.45,2.673,66.81,2,17
1885,122,55346,134.43285714285713,134.06285714285715,0,1,Beverages,Thai,1.0028,-0.37,134.43,53.77,2.689,67.22,2,18
1885,123,54876,133.5469736842105,134.1532894736842,0,1,Beverages,Thai,0.9955,0.61,133.55,53.42,2.671,66.77,2,19
1885,124,56523,133.77545454545452,134.29194805194805,0,1,Beverages,Thai,0.9962,0.52,133.78,53.51,2.676,66.89,2,20
1885,125,58658,133.59987012987014,134.28922077922078,0,1,Beverages,Thai,0.9949,0.69,133.6,53.44,2.672,66.8,2,21
1885,126,62719,133.90103896103895,134.62064935064933,0,1,Beverages,Thai,0.9947,0.72,133.9,53.56,2.678,66.95,2,22
1885,127,56592,133.42499999999998,134.7088157894737,0,1,Beverages,Thai,0.9905,1.28,133.42,53.37,2.668,66.71,2,23
1885,128,53798,134.0855844155844,134.60922077922078,0,1,Beverages,Thai,0.9961,0.52,134.09,53.63,2.682,67.04,2,24
1885,129,49964,134.25961038961037,133.96363636363637,0,1,Beverages,Thai,1.0022,-0.3,134.26,53.7,2.685,67.13,2,25
1885,130,54020,133.65896103896102,133.8816883116883,0,1,Beverages,Thai,0.9983,0.22,133.66,53.46,2.673,66.83,2,26
1885,131,54247,134.09736842105264,133.90157894736842,0,1,Beverages,Thai,1.0015,-0.2,134.1,53.64,2.682,67.05,2,27
1885,132,53246,129.7072727272727,131.66935064935063,0,1,Beverages,Thai,0.9851,1.96,129.71,51.88,2.594,64.85,2,28
1885,133,52049,121.37688311688312,131.95545454545453,0,1,Beverages,Thai,0.9198,10.58,121.38,48.55,2.428,60.69,2,29
1885,134,55327,121.59961038961039,131.63038961038959,0,1,Beverages,Thai,0.9238,10.03,121.6,48.64,2.432,60.8,2,30
1885,135,57852,124.1368831168831,130.52298701298702,0,1,Beverages,Thai,0.9511,6.39,124.14,49.65,2.482,62.07,2,31
1885,136,52972,133.68844155844155,133.62467532467534,0,1,Beverages,Thai,1.0005,-0.06,133.69,53.48,2.674,66.84,2,32
1885,137,53325,135.30947368421053,134.40855263157894,0,1,Beverages,Thai,1.0067,-0.9,135.31,54.12,2.706,67.65,2,33
1885,138,50141,135.70402597402597,134.97571428571428,0,1,Beverages,Thai,1.0054,-0.73,135.7,54.28,2.714,67.85,2,34
1885,139,54544,134.05844155844156,133.877012987013,0,1,Beverages,Thai,1.0014,-0.18,134.06,53.62,2.681,67.03,2,35
1885,140,60845,134.10454545454544,133.94948051948052,0,1,Beverages,Thai,1.0012,-0.16,134.1,53.64,2.682,67.05,2,36
1885,141,55566,133.95181818181817,134.0151948051948,0,1,Beverages,Thai,0.9995,0.06,133.95,53.58,2.679,66.98,2,37
1885,142,56154,133.89909090909092,134.10766233766236,0,1,Beverages,Thai,0.9984,0.21,133.9,53.56,2.678,66.95,2,38
1885,143,57549,134.0698701298701,133.64402597402596,0,1,Beverages,Thai,1.0032,-0.43,134.07,53.63,2.682,67.03,2,39
1885,144,56871,134.07935064935066,133.88727272727272,0,1,Beverages,Thai,1.0014,-0.19,134.08,53.63,2.682,67.04,2,40
1885,145,54905,141.2209090909091,140.30402597402596,0,1,Beverages,Thai,1.0065,-0.92,141.22,56.49,2.825,70.61,2,41
