Output/aggregated_top10_meals_weekly.csv
meal_id,week,num_orders,checkout_price,base_price,emailer_for_promotion,homepage_featured,category,cuisine,price_ratio,price_discount,selling_price,unit_cost,holding_cost,shortage_cost,shelf_life_weeks,week_of_year
1971,1,48419,260.10025974025973,302.3661038961039,1,1,Sandwich,Italian,0.8602,42.27,260.1,104.04,5.202,130.05,2,1
1971,2,33670,260.4690909090909,302.3011688311688,1,1,Sandwich,Italian,0.8616,41.83,260.47,104.19,5.21,130.23,2,2
1971,3,17231,301.4842857142857,303.0983116883117,0,1,Sandwich,Italian,0.9947,1.61,301.48,120.59,6.03,150.74,2,3
1971,4,17031,301.4110389610389,304.3194805194805,0,1,Sandwich,Italian,0.9904,2.91,301.41,120.56,6.028,150.71,2,4
1971,5,14739,304.4680263157895,304.5601315789474,0,0,Sandwich,Italian,0.9997,0.09,304.47,121.79,6.09,152.23,2,5
1971,6,12165,300.2789333333333,300.3456,0,0,Sandwich,Italian,0.9998,0.07,300.28,120.11,6.006,150.14,2,6
1971,7,10932,300.224,300.19733333333335,0,0,Sandwich,Italian,1.0001,-0.03,300.22,120.09,6.004,150.11,2,7
1971,8,7274,300.0696,300.0696,0,0,Sandwich,Italian,1.0,0.0,300.07,120.03,6.002,150.03,2,8
1971,9,15264,299.77276315789476,299.7990789473684,0,0,Sandwich,Italian,0.9999,0.03,299.77,119.91,5.996,149.89,2,9
1971,10,98242,243.10710526315788,299.87802631578944,1,1,Sandwich,Italian,0.8107,56.77,243.11,97.24,4.862,121.55,2,10
1971,11,78947,242.73144736842104,299.8517105263158,1,1,Sandwich,Italian,0.8095,57.12,242.73,97.09,4.855,121.37,2,11
1971,12,35641,242.3609210526316,299.02697368421053,0,1,Sandwich,Italian,0.8105,56.67,242.36,96.94,4.847,121.18,2,12
1971,13,14403,293.64763157894737,299.6953947368421,0,1,Sandwich,Italian,0.9798,6.05,293.65,117.46,5.873,146.82,2,13
1971,14,11697,294.2726666666667,299.4852,0,1,Sandwich,Italian,0.9826,5.21,294.27,117.71,5.886,147.14,2,14
1971,15,10018,298.44933333333336,300.21666666666664,0,1,Sandwich,Italian,0.9941,1.77,298.45,119.38,5.969,149.22,2,15
1971,16,10178,297.7055263157895,300.38105263157894,0,1,Sandwich,Italian,0.9911,2.68,297.71,119.08,5.954,148.85,2,16
1971,17,12501,295.9713157894737,300.2573684210526,0,1,Sandwich,Italian,0.9857,4.29,295.97,118.39,5.92,147.99,2,17
1971,18,14700,298.4373684210526,300.3594736842105,0,1,Sandwich,Italian,0.9936,1.92,298.44,119.37,5.969,149.22,2,18
1971,19,14654,295.95894736842104,299.16973684210524,0,0,Sandwich,Italian,0.9893,3.21,295.96,118.38,5.919,147.98,2,19
1971,20,16368,296.46631578947364,299.233947368421,0,0,Sandwich,Italian,0.9908,2.77,296.47,118.59,5.93,148.23,2,20
1971,21,20590,296.67052631578946,299.37355263157895,0,1,Sandwich,Italian,0.991,2.7,296.67,118.67,5.934,148.34,2,21
1971,22,79337,243.5598684210526,299.41302631578947,1,1,Sandwich,Italian,0.8135,55.85,243.56,97.42,4.871,121.78,2,22
1971,23,70034,242.885,299.32092105263155,1,1,Sandwich,Italian,0.8115,56.44,242.88,97.15,4.858,121.44,2,23
1971,24,19201,294.31894736842105,297.8957894736842,0,1,Sandwich,Italian,0.988,3.58,294.32,117.73,5.887,147.16,2,24
1971,25,19020,295.343552631579,299.6913157894737,0,1,Sandwich,Italian,0.9855,4.35,295.34,118.14,5.907,147.67,2,25
1971,26,20287,299.24355263157895,300.4527631578947,0,1,Sandwich,Italian,0.996,1.21,299.24,119.7,5.985,149.62,2,26
1971,27,17862,300.51421052631576,300.408947368421,0,0,Sandwich,Italian,1.0004,-0.11,300.51,120.21,6.01,150.26,2,27
1971,28,13129,301.0642105263158,300.9984210526316,0,0,Sandwich,Italian,1.0002,-0.07,301.06,120.43,6.022,150.53,2,28
1971,29,11323,301.0263157894737,300.94736842105266,0,0,Sandwich,Italian,1.0003,-0.08,301.03,120.41,6.02,150.51,2,29
1971,30,113687,234.34723684210525,300.74881578947367,1,1,Sandwich,Italian,0.7792,66.4,234.35,93.74,4.687,117.17,2,30
1971,31,29438,284.61,289.7679220779221,0,1,Sandwich,Italian,0.9822,5.16,284.61,113.84,5.692,142.3,2,31
1971,32,157509,242.35675324675327,289.677012987013,1,1,Sandwich,Italian,0.8366,47.32,242.36,96.94,4.847,121.18,2,32
1971,33,20574,291.77986842105264,295.00131578947367,0,1,Sandwich,Italian,0.9891,3.22,291.78,116.71,5.836,145.89,2,33
1971,34,17542,298.78766233766237,301.7083116883117,0,1,Sandwich,Italian,0.9903,2.92,298.79,119.52,5.976,149.39,2,34
1971,35,25024,301.64649350649347,304.83909090909094,0,1,Sandwich,Italian,0.9895,3.19,301.65,120.66,6.033,150.82,2,35
1971,36,24206,304.9402631578947,305.2497368421053,0,1,Sandwich,Italian,0.999,0.31,304.94,121.98,6.099,152.47,2,36
1971,37,18608,304.77253333333334,304.98586666666665,0,0,Sandwich,Italian,0.9993,0.21,304.77,121.91,6.096,152.39,2,37
1971,38,16471,305.4392105263158,305.38657894736843,0,0,Sandwich,Italian,1.0002,-0.05,305.44,122.18,6.109,152.72,2,38
1971,39,21289,305.375,305.26973684210526,0,0,Sandwich,Italian,1.0003,-0.11,305.38,122.15,6.108,152.69,2,39
1971,40,44358,272.7790789473684,305.51934210526315,0,1,Sandwich,Italian,0.8928,32.74,272.78,109.11,5.456,136.39,2,40
1971,41,29702,272.5493421052632,305.61026315789474,0,1,Sandwich,Italian,0.8918,33.06,272.55,109.02,5.451,136.27,2,41
1971,42,28693,272.76986842105265,305.3207894736842,0,1,Sandwich,Italian,0.8934,32.55,272.77,109.11,5.456,136.38,2,42
1971,43,27252,272.3048684210527,305.11776315789473,0,0,Sandwich,Italian,0.8925,32.81,272.3,108.92,5.446,136.15,2,43
1971,44,21284,305.0957894736842,305.0563157894737,0,0,Sandwich,Italian,1.0001,-0.04,305.1,122.04,6.102,152.55,2,44
1971,45,20653,304.8772368421052,305.4005263157895,0,1,Sandwich,Italian,0.9983,0.52,304.88,121.95,6.098,152.44,2,45
1971,46,59388,244.0221052631579,305.2294736842105,1,1,Sandwich,Italian,0.7995,61.21,244.02,97.61,4.881,122.01,2,46
1971,47,49628,244.2707792207792,304.95805194805195,1,1,Sandwich,Italian,0.801,60.69,244.27,97.71,4.886,122.14,2,47
1971,48,205806,174.99064935064936,304.984025974026,1,1,Sandwich,Italian,0.5738,129.99,174.99,70.0,3.5,87.5,2,48
1971,49,34869,276.11506493506494,303.5277922077922,0,1,Sandwich,Italian,0.9097,27.41,276.12,110.45,5.523,138.06,2,49
1971,50,28626,275.23285714285714,303.0841558441558,0,1,Sandwich,Italian,0.9081,27.85,275.23,110.09,5.504,137.62,2,50
1971,51,34223,254.58727272727273,303.33493506493505,1,1,Sandwich,Italian,0.8393,48.75,254.59,101.83,5.092,127.29,2,51
1971,52,29461,291.84883116883117,299.8383116883117,0,1,Sandwich,Italian,0.9734,7.99,291.85,116.74,5.837,145.92,2,52
1971,53,30948,293.82389610389606,300.59415584415586,0,1,Sandwich,Italian,0.9775,6.77,293.82,117.53,5.876,146.91,2,1
1971,54,26123,296.3583116883117,300.95675324675324,0,1,Sandwich,Italian,0.9847,4.6,296.36,118.54,5.927,148.18,2,2
1971,55,24383,296.95,301.09376623376625,0,1,Sandwich,Italian,0.9862,4.14,296.95,118.78,5.939,148.48,2,3
1971,56,24365,298.82740259740257,300.3051948051948,0,0,Sandwich,Italian,0.9951,1.48,298.83,119.53,5.977,149.41,2,4
1971,57,30001,297.6416883116883,299.1297402597403,0,1,Sandwich,Italian,0.995,1.49,297.64,119.06,5.953,148.82,2,5
1971,58,26116,297.43896103896105,299.00493506493507,0,1,Sandwich,Italian,0.9948,1.57,297.44,118.98,5.949,148.72,2,6
1971,59,26725,296.9492207792208,298.5411688311688,0,1,Sandwich,Italian,0.9947,1.59,296.95,118.78,5.939,148.47,2,7
1971,60,168466,243.27168831168828,298.35935064935063,1,1,Sandwich,Italian,0.8154,55.09,243.27,97.31,4.866,121.64,2,8
1971,61,28520,294.8096103896104,296.8412987012987,0,1,Sandwich,Italian,0.9932,2.03,294.81,117.92,5.896,147.4,2,9
1971,62,12593,298.4235064935065,299.1187012987013,0,1,Sandwich,Italian,0.9977,0.7,298.42,119.37,5.969,149.21,2,10
1971,63,18723,298.564025974026,299.32337662337665,0,1,Sandwich,Italian,0.9975,0.76,298.56,119.43,5.972,149.28,2,11
1971,64,16254,296.4114285714286,296.2166233766234,0,0,Sandwich,Italian,1.0007,-0.19,296.41,118.56,5.928,148.21,2,12
1971,65,22718,296.33,296.25207792207794,0,0,Sandwich,Italian,1.0003,-0.08,296.33,118.53,5.927,148.16,2,13
1971,66,24112,296.2823376623376,296.33428571428567,0,0,Sandwich,Italian,0.9998,0.05,296.28,118.51,5.926,148.14,2,14
1971,67,24506,293.71831168831164,295.792987012987,0,0,Sandwich,Italian,0.993,2.07,293.72,117.49,5.874,146.86,2,15
1971,68,154771,192.6848051948052,295.805974025974,1,1,Sandwich,Italian,0.6514,103.12,192.68,77.07,3.854,96.34,2,16
1971,69,145122,192.81,295.7020779220779,1,1,Sandwich,Italian,0.652,102.89,192.81,77.12,3.856,96.4,2,17
1971,70,162049,193.16584415584416,295.9098701298701,1,1,Sandwich,Italian,0.6528,102.74,193.17,77.27,3.864,96.58,2,18
1971,71,144252,192.51402597402597,295.98779220779215,1,1,Sandwich,Italian,0.6504,103.47,192.51,77.01,3.851,96.26,2,19
1971,72,23981,286.951948051948,293.0184415584415,0,1,Sandwich,Italian,0.9793,6.07,286.95,114.78,5.739,143.48,2,20
1971,73,22596,292.5420779220779,296.13987012987013,0,1,Sandwich,Italian,0.9879,3.6,292.54,117.02,5.851,146.27,2,21
1971,74,43000,295.59935064935064,296.1594805194805,1,1,Sandwich,Italian,0.9981,0.56,295.6,118.24,5.912,147.8,2,22
1971,75,71171,249.80974025974024,295.69103896103894,1,1,Sandwich,Italian,0.8448,45.88,249.81,99.92,4.996,124.9,2,23
1971,76,39559,243.90584415584416,295.36350649350646,0,1,Sandwich,Italian,0.8258,51.46,243.91,97.56,4.878,121.95,2,24
1971,77,17158,293.7892105263158,294.61328947368423,0,1,Sandwich,Italian,0.9972,0.82,293.79,117.52,5.876,146.89,2,25
1971,78,14418,290.13202898550725,296.13173913043477,0,1,Sandwich,Italian,0.9797,6.0,290.13,116.05,5.802,145.07,2,26
1971,79,27213,294.97346666666664,296.2409333333333,0,1,Sandwich,Italian,0.9957,1.27,294.97,117.99,5.9,147.49,2,27
1971,80,21472,295.25894736842105,296.48263157894735,0,0,Sandwich,Italian,0.9959,1.22,295.26,118.1,5.905,147.63,2,28
1971,81,20396,295.15922077922073,296.5496103896104,0,0,Sandwich,Italian,0.9953,1.39,295.16,118.06,5.903,147.58,2,29
1971,82,19908,295.34025974025974,296.62675324675325,0,1,Sandwich,Italian,0.9957,1.29,295.34,118.14,5.907,147.67,2,30
1971,83,24833,297.6003896103896,298.6037662337662,0,1,Sandwich,Italian,0.9966,1.0,297.6,119.04,5.952,148.8,2,31
1971,84,21296,299.30883116883115,299.23090909090905,0,1,Sandwich,Italian,1.0003,-0.08,299.31,119.72,5.986,149.65,2,32
1971,85,16746,298.78493506493504,299.1096103896104,0,1,Sandwich,Italian,0.9989,0.32,298.78,119.51,5.976,149.39,2,33
1971,86,15304,299.04038961038964,299.06636363636363,0,0,Sandwich,Italian,0.9999,0.03,299.04,119.62,5.981,149.52,2,34
1971,87,15311,302.7853246753247,303.2742857142857,0,0,Sandwich,Italian,0.9984,0.49,302.79,121.11,6.056,151.39,2,35
1971,88,18276,303.12467532467537,303.6655844155844,0,0,Sandwich,Italian,0.9982,0.54,303.12,121.25,6.062,151.56,2,36
1971,89,14021,303.10103896103897,303.55103896103896,0,0,Sandwich,Italian,0.9985,0.45,303.1,121.24,6.062,151.55,2,37
1971,90,13058,307.63493506493506,308.0979220779221,0,0,Sandwich,Italian,0.9985,0.46,307.63,123.05,6.152,153.82,2,38
1971,91,18423,306.7164935064935,308.16090909090906,0,1,Sandwich,Italian,0.9953,1.44,306.72,122.69,6.134,153.36,2,39
1971,92,118890,194.84727272727272,308.3297402597403,1,1,Sandwich,Italian,0.6319,113.48,194.85,77.94,3.897,97.42,2,40
1971,93,101428,194.2992207792208,308.1479220779221,1,1,Sandwich,Italian,0.6305,113.85,194.3,77.72,3.886,97.15,2,41
1971,94,20093,302.51844155844157,306.00870129870134,0,1,Sandwich,Italian,0.9886,3.49,302.52,121.01,6.05,151.26,2,42
1971,95,17585,305.87947368421055,307.28789473684213,0,0,Sandwich,Italian,0.9954,1.41,305.88,122.35,6.118,152.94,2,43
1971,96,22501,305.718961038961,307.93142857142857,0,0,Sandwich,Italian,0.9928,2.21,305.72,122.29,6.115,152.86,2,44
1971,97,22710,306.4645454545455,308.04948051948054,0,0,Sandwich,Italian,0.9949,1.58,306.46,122.59,6.13,153.23,2,45
1971,98,20261,311.13896103896104,312.71246753246754,0,0,Sandwich,Italian,0.995,1.57,311.14,124.46,6.223,155.57,2,46
1971,99,18015,311.00831168831166,312.5932467532468,0,0,Sandwich,Italian,0.9949,1.58,311.01,124.4,6.22,155.5,2,47
1971,100,24175,310.5606493506494,312.2271428571429,0,0,Sandwich,Italian,0.9947,1.67,310.56,124.22,6.211,155.28,2,48
1971,101,21479,307.1916883116883,310.79571428571427,0,1,Sandwich,Italian,0.9884,3.6,307.19,122.88,6.144,153.6,2,49
1971,102,16273,310.6335064935065,310.43870129870135,0,0,Sandwich,Italian,1.0006,-0.19,310.63,124.25,6.212,155.32,2,50
1971,103,14982,310.5161842105263,310.7003947368421,0,0,Sandwich,Italian,0.9994,0.18,310.52,124.21,6.21,155.26,2,51
1971,104,21710,310.9618181818182,310.9618181818182,0,0,Sandwich,Italian,1.0,0.0,310.96,124.38,6.219,155.48,2,52
1971,105,39440,312.738051948052,312.7120779220779,0,1,Sandwich,Italian,1.0001,-0.03,312.74,125.1,6.255,156.37,2,1
1971,106,22935,311.63896103896104,312.72311688311686,0,0,Sandwich,Italian,0.9965,1.08,311.64,124.66,6.233,155.82,2,2
1971,107,21032,311.9283116883117,312.07116883116885,0,1,Sandwich,Italian,0.9995,0.14,311.93,124.77,6.238,155.96,2,3
1971,108,105657,242.9174025974026,311.9283116883117,1,1,Sandwich,Italian,0.7788,69.01,242.92,97.17,4.858,121.46,2,4
1971,109,100255,242.33480519480517,312.09714285714284,1,1,Sandwich,Italian,0.7765,69.76,242.33,96.93,4.847,121.17,2,5
1971,110,24397,308.42428571428576,310.4681818181818,0,1,Sandwich,Italian,0.9934,2.04,308.42,123.37,6.169,154.21,2,6
1971,111,21553,310.9796103896104,312.37116883116886,0,0,Sandwich,Italian,0.9955,1.39,310.98,124.39,6.22,155.49,2,7
1971,112,23162,311.51493506493506,312.61922077922077,0,0,Sandwich,Italian,0.9965,1.1,311.51,124.61,6.23,155.76,2,8
1971,113,26441,312.87896103896105,312.8919480519481,0,0,Sandwich,Italian,1.0,0.01,312.88,125.15,6.258,156.44,2,9
1971,114,24555,312.29207792207797,312.2531168831169,0,0,Sandwich,Italian,1.0001,-0.04,312.29,124.92,6.246,156.15,2,10
1971,115,20352,312.207012987013,312.45376623376626,0,1,Sandwich,Italian,0.9992,0.25,312.21,124.88,6.244,156.1,2,11
1971,116,63572,290.4642857142857,312.0424675324675,1,1,Sandwich,Italian,0.9308,21.58,290.46,116.19,5.81,145.23,2,12
1971,117,16162,310.3905263157895,311.4853947368421,0,1,Sandwich,Italian,0.9965,1.09,310.39,124.16,6.208,155.2,2,13
1971,118,16292,312.677012987013,312.41727272727275,0,0,Sandwich,Italian,1.0008,-0.26,312.68,125.07,6.254,156.34,2,14
1971,119,15754,312.7120779220779,312.6341558441559,0,0,Sandwich,Italian,1.0002,-0.08,312.71,125.08,6.254,156.36,2,15
1971,120,15423,310.89805194805194,311.99363636363637,0,0,Sandwich,Italian,0.9965,1.1,310.9,124.36,6.218,155.45,2,16
1971,121,160816,193.72922077922078,311.9287012987013,1,1,Sandwich,Italian,0.6211,118.2,193.73,77.49,3.874,96.86,2,17
1971,122,149544,193.6383116883117,311.99363636363637,1,1,Sandwich,Italian,0.6206,118.36,193.64,77.46,3.873,96.82,2,18
1971,123,158018,193.80831168831168,312.0975324675325,1,1,Sandwich,Italian,0.621,118.29,193.81,77.52,3.876,96.9,2,19
1971,124,131391,193.8048051948052,312.0196103896104,1,1,Sandwich,Italian,0.6211,118.21,193.8,77.52,3.876,96.9,2,20
1971,125,20916,305.242987012987,307.3554545454545,0,0,Sandwich,Italian,0.9931,2.11,305.24,122.1,6.105,152.62,2,21
1971,126,20801,310.95909090909095,312.45428571428573,0,1,Sandwich,Italian,0.9952,1.5,310.96,124.38,6.219,155.48,2,22
1971,127,19846,310.74688311688317,312.39597402597406,0,0,Sandwich,Italian,0.9947,1.65,310.75,124.3,6.215,155.37,2,23
1971,128,38596,276.0910389610389,306.3385714285714,0,1,Sandwich,Italian,0.9013,30.25,276.09,110.44,5.522,138.05,2,24
1971,129,22653,278.4157142857143,301.56142857142856,0,1,Sandwich,Italian,0.9232,23.15,278.42,111.37,5.568,139.21,2,25
1971,130,16234,311.7751948051948,311.8531168831169,0,0,Sandwich,Italian,0.9998,0.08,311.78,124.71,6.236,155.89,2,26
1971,131,30838,287.7290909090909,311.20000000000005,0,0,Sandwich,Italian,0.9246,23.47,287.73,115.09,5.754,143.86,2,27
1971,132,198298,193.972987012987,311.14805194805194,1,1,Sandwich,Italian,0.6234,117.18,193.97,77.59,3.88,96.99,2,28
1971,133,145649,196.45818181818183,311.1090909090909,1,1,Sandwich,Italian,0.6315,114.65,196.46,78.58,3.929,98.23,2,29
1971,134,21794,299.80727272727273,309.54662337662336,0,1,Sandwich,Italian,0.9685,9.74,299.81,119.92,5.996,149.9,2,30
1971,135,22558,309.0316883116883,314.1218181818182,0,1,Sandwich,Italian,0.9838,5.09,309.03,123.61,6.18,154.52,2,31
1971,136,20505,310.5166233766234,314.50961038961043,0,1,Sandwich,Italian,0.9873,3.99,310.52,124.21,6.21,155.26,2,32
1971,137,9644,312.92653333333334,314.7744,0,0,Sandwich,Italian,0.9941,1.85,312.93,125.17,6.259,156.46,2,33
1971,138,9640,311.7234210526316,315.09131578947364,0,1,Sandwich,Italian,0.9893,3.37,311.72,124.69,6.235,155.86,2,34
1971,139,19324,311.7590909090909,314.8753246753247,0,1,Sandwich,Italian,0.9901,3.12,311.76,124.7,6.235,155.88,2,35
1971,140,19716,313.1541558441558,315.99766233766235,0,0,Sandwich,Italian,0.991,2.84,313.15,125.26,6.263,156.58,2,36
1971,141,15290,314.41486842105263,314.20434210526315,0,0,Sandwich,Italian,1.0007,-0.21,314.41,125.77,6.288,157.21,2,37
1971,142,15135,315.43506493506493,315.2922077922078,0,0,Sandwich,Italian,1.0005,-0.14,315.44,126.17,6.308,157.72,2,38
1971,143,16990,324.3383116883117,324.4811688311688,0,0,Sandwich,Italian,0.9996,0.14,324.34,129.74,6.487,162.17,2,39
1971,144,18962,324.76896103896104,324.717012987013,0,0,Sandwich,Italian,1.0002,-0.05,324.77,129.91,6.496,162.38,2,40
1971,145,16343,323.9257142857143,324.61545454545455,0,0,Sandwich,Italian,0.9979,0.69,323.93,129.57,6.478,161.96,2,41
