Output/aggregated_top10_meals_weekly.csv
meal_id,week,num_orders,checkout_price,base_price,emailer_for_promotion,homepage_featured,category,cuisine,price_ratio,price_discount,selling_price,unit_cost,holding_cost,shortage_cost,shelf_life_weeks,week_of_year
2707,1,47274,190.56649350649352,209.55077922077922,0,1,Beverages,Italian,0.9094,18.98,190.57,76.23,3.812,95.28,2,1
2707,2,44550,192.0179220779221,211.10298701298703,0,0,Beverages,Italian,0.9096,19.09,192.02,76.81,3.841,96.01,2,2
2707,3,46718,191.92545454545456,210.97116883116885,0,1,Beverages,Italian,0.9097,19.05,191.93,76.77,3.838,95.96,2,3
2707,4,48425,191.59714285714284,210.94675324675325,0,0,Beverages,Italian,0.9083,19.35,191.6,76.64,3.832,95.8,2,4
2707,5,43333,201.25197368421053,205.18578947368422,0,0,Beverages,Italian,0.9808,3.93,201.25,80.5,4.025,100.63,2,5
2707,6,28775,222.86933333333334,223.15306666666666,0,0,Beverages,Italian,0.9987,0.28,222.87,89.15,4.458,111.43,2,6
2707,7,31373,223.9501333333333,224.49679999999998,0,0,Beverages,Italian,0.9976,0.55,223.95,89.58,4.479,111.98,2,7
2707,8,29345,225.18447368421053,225.15815789473686,0,0,Beverages,Italian,1.0001,-0.03,225.18,90.07,4.504,112.59,2,8
2707,9,31332,225.28697368421055,225.1817105263158,0,0,Beverages,Italian,1.0005,-0.11,225.29,90.11,4.506,112.64,2,9
2707,10,26038,225.40026315789473,225.38710526315788,0,0,Beverages,Italian,1.0001,-0.01,225.4,90.16,4.508,112.7,2,10
2707,11,28496,218.2536842105263,219.61618421052628,0,0,Beverages,Italian,0.9938,1.36,218.25,87.3,4.365,109.13,2,11
2707,12,46543,189.77276315789473,216.1342105263158,0,0,Beverages,Italian,0.878,26.36,189.77,75.91,3.796,94.89,2,12
2707,13,39016,190.23894736842104,215.43657894736842,0,1,Beverages,Italian,0.883,25.2,190.24,76.1,3.805,95.12,2,13
2707,14,40301,190.49855263157895,214.93407894736842,0,1,Beverages,Italian,0.8863,24.44,190.5,76.2,3.81,95.25,2,14
2707,15,40347,190.5313157894737,214.82473684210527,0,1,Beverages,Italian,0.8869,24.29,190.53,76.21,3.81,95.27,2,15
2707,16,39390,192.12828947368422,214.87144736842106,0,1,Beverages,Italian,0.8942,22.74,192.13,76.85,3.842,96.06,2,16
2707,17,42991,191.3142105263158,212.33118421052632,1,1,Beverages,Italian,0.901,21.02,191.31,76.53,3.827,95.66,2,17
2707,18,37055,187.81750000000002,204.98157894736843,0,1,Beverages,Italian,0.9163,17.16,187.82,75.13,3.756,93.91,2,18
2707,19,32782,219.66881578947365,219.73065789473682,0,1,Beverages,Italian,0.9997,0.06,219.67,87.87,4.394,109.83,2,19
2707,20,33018,225.05546666666666,225.3088,0,0,Beverages,Italian,0.9989,0.25,225.06,90.02,4.501,112.53,2,20
2707,21,37741,225.15894736842102,225.15894736842102,0,0,Beverages,Italian,1.0,0.0,225.16,90.06,4.503,112.58,2,21
2707,22,36171,225.87250000000003,226.0172368421053,0,0,Beverages,Italian,0.9994,0.14,225.87,90.35,4.518,112.94,2,22
2707,23,33763,226.4998684210526,226.4340789473684,0,0,Beverages,Italian,1.0003,-0.07,226.5,90.6,4.53,113.25,2,23
2707,24,49462,209.87065789473684,226.37947368421052,0,1,Beverages,Italian,0.9271,16.51,209.87,83.95,4.198,104.94,2,24
2707,25,45781,209.47105263157894,226.7682894736842,0,1,Beverages,Italian,0.9237,17.3,209.47,83.79,4.19,104.74,2,25
2707,26,49257,209.07506666666666,225.82586666666666,0,1,Beverages,Italian,0.9258,16.75,209.08,83.63,4.182,104.54,2,26
2707,27,45927,210.04776315789474,226.81934210526316,0,1,Beverages,Italian,0.9261,16.77,210.05,84.02,4.201,105.02,2,27
2707,28,39448,208.62693333333334,226.15519999999998,0,0,Beverages,Italian,0.9225,17.53,208.63,83.45,4.172,104.31,2,28
2707,29,40458,209.71078947368423,226.48552631578946,0,0,Beverages,Italian,0.9259,16.77,209.71,83.88,4.194,104.86,2,29
2707,30,30046,227.19974025974028,227.08285714285716,0,0,Beverages,Italian,1.0005,-0.12,227.2,90.88,4.544,113.6,2,30
2707,31,35011,223.84961038961038,224.28896103896105,0,1,Beverages,Italian,0.998,0.44,223.85,89.54,4.477,111.92,2,31
2707,32,35385,222.31233766233765,222.78402597402595,0,0,Beverages,Italian,0.9979,0.47,222.31,88.92,4.446,111.16,2,32
2707,33,36148,224.73935064935065,224.66454545454542,0,1,Beverages,Italian,1.0003,-0.07,224.74,89.9,4.495,112.37,2,33
2707,34,35685,225.4868831168831,225.46090909090907,0,0,Beverages,Italian,1.0001,-0.03,225.49,90.19,4.51,112.74,2,34
2707,35,32143,224.39999999999998,225.22038961038962,0,0,Beverages,Italian,0.9964,0.82,224.4,89.76,4.488,112.2,2,35
2707,36,31330,226.4061038961039,226.6138961038961,0,0,Beverages,Italian,0.9991,0.21,226.41,90.56,4.528,113.2,2,36
2707,37,46000,209.55116883116884,226.1357142857143,0,0,Beverages,Italian,0.9267,16.58,209.55,83.82,4.191,104.78,2,37
2707,38,49384,209.53311688311686,226.62298701298704,0,1,Beverages,Italian,0.9246,17.09,209.53,83.81,4.19,104.77,2,38
2707,39,52274,209.48389610389611,226.12311688311686,0,1,Beverages,Italian,0.9264,16.64,209.48,83.79,4.19,104.74,2,39
2707,40,48219,209.18116883116883,226.29155844155846,0,1,Beverages,Italian,0.9244,17.11,209.18,83.67,4.184,104.59,2,40
2707,41,37124,225.33727272727273,225.4790909090909,0,1,Beverages,Italian,0.9994,0.14,225.34,90.13,4.506,112.67,2,41
2707,42,33014,227.74181818181816,228.12051948051948,0,0,Beverages,Italian,0.9983,0.38,227.74,91.1,4.555,113.87,2,42
2707,43,35282,227.28870129870128,227.51233766233767,0,0,Beverages,Italian,0.999,0.22,227.29,90.92,4.546,113.64,2,43
2707,44,40079,225.24597402597402,225.29792207792207,0,0,Beverages,Italian,0.9998,0.05,225.25,90.1,4.505,112.62,2,44
2707,45,39214,222.93116883116883,222.8922077922078,0,0,Beverages,Italian,1.0002,-0.04,222.93,89.17,4.458,111.47,2,45
2707,46,33080,221.8187012987013,222.23636363636365,0,0,Beverages,Italian,0.9981,0.42,221.82,88.73,4.437,110.91,2,46
2707,47,26060,223.51250000000002,223.7230263157895,0,0,Beverages,Italian,0.9991,0.21,223.51,89.41,4.47,111.76,2,47
2707,48,55038,189.86935064935065,223.71142857142857,1,1,Beverages,Italian,0.8487,33.84,189.87,75.95,3.798,94.93,2,48
2707,49,44915,190.01181818181817,223.29454545454547,0,1,Beverages,Italian,0.8509,33.28,190.01,76.0,3.8,95.01,2,49
2707,50,38552,190.2625974025974,222.6761038961039,0,1,Beverages,Italian,0.8544,32.41,190.26,76.11,3.806,95.13,2,50
2707,51,11659,190.2684,222.46066666666667,0,1,Beverages,Italian,0.8553,32.19,190.27,76.11,3.806,95.13,2,51
2707,52,40851,190.36766233766235,222.18363636363637,0,0,Beverages,Italian,0.8568,31.82,190.37,76.15,3.808,95.18,2,52
2707,53,49938,190.7853246753247,221.90727272727273,0,0,Beverages,Italian,0.8598,31.12,190.79,76.31,3.816,95.39,2,1
2707,54,22246,190.36855263157895,215.79236842105266,0,0,Beverages,Italian,0.8822,25.42,190.37,76.15,3.808,95.18,2,2
2707,55,53770,191.84948051948052,193.65129870129869,0,0,Beverages,Italian,0.9907,1.8,191.85,76.74,3.837,95.92,2,3
2707,56,36776,226.9477922077922,227.10363636363635,0,0,Beverages,Italian,0.9993,0.16,226.95,90.78,4.539,113.47,2,4
2707,57,41182,225.73727272727274,225.71129870129872,0,0,Beverages,Italian,1.0001,-0.03,225.74,90.29,4.515,112.87,2,5
2707,58,42285,222.8268831168831,222.89181818181817,0,0,Beverages,Italian,0.9997,0.06,222.83,89.13,4.456,111.41,2,6
2707,59,39005,223.1181818181818,223.2090909090909,0,0,Beverages,Italian,0.9996,0.09,223.12,89.25,4.462,111.56,2,7
2707,60,33492,225.27155844155843,225.25857142857143,0,0,Beverages,Italian,1.0001,-0.01,225.27,90.11,4.506,112.64,2,8
2707,61,39240,225.53571428571428,225.4707792207792,0,0,Beverages,Italian,1.0003,-0.06,225.54,90.21,4.51,112.77,2,9
2707,62,19491,208.99805194805197,225.49597402597402,0,0,Beverages,Italian,0.9268,16.5,209.0,83.6,4.18,104.5,2,10
2707,63,39598,208.62688311688314,225.39831168831168,0,0,Beverages,Italian,0.9256,16.77,208.63,83.45,4.172,104.31,2,11
2707,64,39953,208.55597402597402,224.9790909090909,0,0,Beverages,Italian,0.927,16.42,208.56,83.42,4.171,104.28,2,12
2707,65,43544,207.24194805194804,224.81922077922076,0,1,Beverages,Italian,0.9218,17.58,207.24,82.9,4.145,103.62,2,13
2707,66,48153,206.82896103896104,224.42870129870127,0,0,Beverages,Italian,0.9216,17.6,206.83,82.73,4.137,103.41,2,14
2707,67,49229,207.5194805194805,224.7412987012987,0,0,Beverages,Italian,0.9234,17.22,207.52,83.01,4.15,103.76,2,15
2707,68,44603,209.58623376623376,210.2333766233766,0,0,Beverages,Italian,0.9969,0.65,209.59,83.83,4.192,104.79,2,16
2707,69,41147,209.09454545454545,209.06857142857143,0,0,Beverages,Italian,1.0001,-0.03,209.09,83.64,4.182,104.55,2,17
2707,70,20302,205.1825974025974,205.38779220779222,0,1,Beverages,Italian,0.999,0.21,205.18,82.07,4.103,102.59,2,18
2707,71,52023,205.17753246753247,205.40662337662337,0,1,Beverages,Italian,0.9989,0.23,205.18,82.07,4.103,102.59,2,19
2707,72,65731,187.4931168831169,205.36766233766232,1,1,Beverages,Italian,0.913,17.87,187.49,75.0,3.75,93.75,2,20
2707,73,52861,189.1387012987013,205.40194805194807,0,1,Beverages,Italian,0.9208,16.26,189.14,75.66,3.783,94.57,2,21
2707,74,58738,185.2122077922078,204.77363636363637,1,1,Beverages,Italian,0.9045,19.56,185.21,74.08,3.704,92.61,2,22
2707,75,48654,187.33012987012987,203.39818181818183,0,1,Beverages,Italian,0.921,16.07,187.33,74.93,3.747,93.67,2,23
2707,76,40358,190.18545454545455,204.00792207792207,0,1,Beverages,Italian,0.9322,13.82,190.19,76.07,3.803,95.09,2,24
2707,77,28662,225.53454545454545,225.69038961038962,0,0,Beverages,Italian,0.9993,0.16,225.53,90.21,4.51,112.77,2,25
2707,78,31029,225.80415584415582,225.5833766233766,0,0,Beverages,Italian,1.001,-0.22,225.8,90.32,4.516,112.9,2,26
2707,79,25771,224.4685333333333,225.03279999999998,0,0,Beverages,Italian,0.9975,0.56,224.47,89.79,4.49,112.23,2,27
2707,80,33020,224.4023684210526,224.66552631578944,0,0,Beverages,Italian,0.9988,0.26,224.4,89.76,4.488,112.2,2,28
2707,81,32594,224.52118421052631,225.50671052631577,0,0,Beverages,Italian,0.9956,0.99,224.52,89.81,4.49,112.26,2,29
2707,82,38116,226.1938961038961,226.03805194805196,0,0,Beverages,Italian,1.0007,-0.16,226.19,90.48,4.524,113.1,2,30
2707,83,64373,188.73792207792206,226.10298701298703,1,1,Beverages,Italian,0.8347,37.37,188.74,75.5,3.775,94.37,2,31
2707,84,40941,221.7431168831169,224.3672727272727,0,1,Beverages,Italian,0.9883,2.62,221.74,88.7,4.435,110.87,2,32
2707,85,40075,224.47447368421055,225.73802631578948,0,1,Beverages,Italian,0.9944,1.26,224.47,89.79,4.49,112.24,2,33
2707,86,54821,187.86909090909091,225.66129870129868,0,1,Beverages,Italian,0.8325,37.79,187.87,75.15,3.758,93.93,2,34
2707,87,52046,188.15844155844158,225.64831168831168,0,0,Beverages,Italian,0.8339,37.49,188.16,75.26,3.763,94.08,2,35
2707,88,51705,189.07207792207794,225.8820779220779,0,0,Beverages,Italian,0.837,36.81,189.07,75.63,3.782,94.54,2,36
2707,89,49027,189.44688311688313,225.0283116883117,0,1,Beverages,Italian,0.8419,35.58,189.45,75.78,3.789,94.72,2,37
2707,90,36470,218.83389610389608,221.3564935064935,0,0,Beverages,Italian,0.9886,2.52,218.83,87.53,4.376,109.42,2,38
2707,91,54206,189.6271052631579,218.6992105263158,0,0,Beverages,Italian,0.8671,29.07,189.63,75.85,3.792,94.81,2,39
2707,92,47536,189.80077922077922,213.77168831168828,0,0,Beverages,Italian,0.8879,23.97,189.8,75.92,3.796,94.9,2,40
2707,93,50981,189.17493506493508,212.7718181818182,0,0,Beverages,Italian,0.8891,23.6,189.17,75.67,3.784,94.59,2,41
2707,94,50174,190.26844155844157,212.83675324675326,1,1,Beverages,Italian,0.894,22.57,190.27,76.11,3.806,95.13,2,42
2707,95,44433,189.69727272727275,212.04584415584415,0,0,Beverages,Italian,0.8946,22.35,189.7,75.88,3.794,94.85,2,43
2707,96,44109,190.37207792207792,211.69558441558442,0,0,Beverages,Italian,0.8993,21.32,190.37,76.15,3.808,95.19,2,44
2707,97,19313,187.7880263157895,211.0328947368421,0,0,Beverages,Italian,0.8899,23.24,187.79,75.12,3.756,93.89,2,45
2707,98,44269,187.78558441558442,188.74064935064936,0,0,Beverages,Italian,0.9949,0.96,187.79,75.11,3.756,93.89,2,46
2707,99,39452,189.03194805194806,189.10987012987013,0,0,Beverages,Italian,0.9996,0.08,189.03,75.61,3.78,94.52,2,47
2707,100,57134,188.96116883116883,189.06506493506492,0,0,Beverages,Italian,0.9995,0.1,188.96,75.58,3.779,94.48,2,48
2707,101,41619,187.55376623376625,188.14545454545456,1,0,Beverages,Italian,0.9969,0.59,187.55,75.02,3.751,93.78,2,49
2707,102,40703,188.5292207792208,187.89194805194805,1,0,Beverages,Italian,1.0034,-0.64,188.53,75.41,3.77,94.26,2,50
2707,103,31588,188.97454545454548,188.68597402597402,1,1,Beverages,Italian,1.0015,-0.29,188.97,75.59,3.78,94.49,2,51
2707,104,47260,189.59649350649352,189.64844155844156,0,0,Beverages,Italian,0.9997,0.05,189.6,75.84,3.792,94.8,2,52
2707,105,43505,188.32337662337662,188.37532467532466,0,0,Beverages,Italian,0.9997,0.05,188.32,75.33,3.766,94.16,2,1
2707,106,44886,189.78623376623378,189.7992207792208,0,0,Beverages,Italian,0.9999,0.01,189.79,75.91,3.796,94.89,2,2
2707,107,42286,197.30688311688314,197.177012987013,0,0,Beverages,Italian,1.0007,-0.13,197.31,78.92,3.946,98.65,2,3
2707,108,43179,198.0631168831169,197.9592207792208,0,0,Beverages,Italian,1.0005,-0.1,198.06,79.23,3.962,99.03,2,4
2707,109,39078,218.91415584415583,218.9790909090909,0,0,Beverages,Italian,0.9997,0.06,218.91,87.57,4.378,109.46,2,5
2707,110,29401,217.9425974025974,217.70883116883118,0,0,Beverages,Italian,1.0011,-0.23,217.94,87.18,4.359,108.97,2,6
2707,111,28944,217.89896103896106,218.4216883116883,0,0,Beverages,Italian,0.9976,0.52,217.9,87.16,4.358,108.95,2,7
2707,112,32565,217.85610389610392,218.5555844155844,0,0,Beverages,Italian,0.9968,0.7,217.86,87.14,4.357,108.93,2,8
2707,113,42311,220.1035064935065,220.20740259740262,0,0,Beverages,Italian,0.9995,0.1,220.1,88.04,4.402,110.05,2,9
2707,114,39455,219.91805194805193,220.36012987012987,0,0,Beverages,Italian,0.998,0.44,219.92,87.97,4.398,109.96,2,10
2707,115,40217,220.48220779220782,220.5731168831169,0,0,Beverages,Italian,0.9996,0.09,220.48,88.19,4.41,110.24,2,11
2707,116,40809,215.83532467532467,218.45675324675327,0,0,Beverages,Italian,0.988,2.62,215.84,86.33,4.316,107.92,2,12
2707,117,55968,188.7221052631579,218.10250000000002,0,1,Beverages,Italian,0.8653,29.38,188.72,75.49,3.774,94.36,2,13
2707,118,55467,188.6757142857143,218.85194805194803,0,0,Beverages,Italian,0.8621,30.18,188.68,75.47,3.774,94.34,2,14
2707,119,57251,188.7796103896104,218.49415584415584,0,0,Beverages,Italian,0.864,29.71,188.78,75.51,3.776,94.39,2,15
2707,120,51366,190.85896103896104,218.25207792207792,0,0,Beverages,Italian,0.8745,27.39,190.86,76.34,3.817,95.43,2,16
2707,121,41537,222.19974025974028,222.12181818181818,0,0,Beverages,Italian,1.0004,-0.08,222.2,88.88,4.444,111.1,2,17
2707,122,44595,220.6357142857143,220.53181818181818,0,0,Beverages,Italian,1.0005,-0.1,220.64,88.25,4.413,110.32,2,18
2707,123,45412,219.18662337662337,218.99181818181816,0,0,Beverages,Italian,1.0009,-0.19,219.19,87.67,4.384,109.59,2,19
2707,124,67470,183.55207792207793,219.17363636363635,1,1,Beverages,Italian,0.8375,35.62,183.55,73.42,3.671,91.78,2,20
2707,125,61886,183.36272727272728,216.6624675324675,1,1,Beverages,Italian,0.8463,33.3,183.36,73.35,3.668,91.68,2,21
2707,126,62611,183.3103896103896,216.78402597402595,1,1,Beverages,Italian,0.8456,33.47,183.31,73.32,3.666,91.66,2,22
2707,127,60494,181.93142857142857,216.48805194805198,0,1,Beverages,Italian,0.8404,34.56,181.93,72.77,3.638,90.97,2,23
2707,128,33393,217.24233766233766,217.4722077922078,0,1,Beverages,Italian,0.9989,0.23,217.24,86.9,4.345,108.62,2,24
2707,129,30982,220.0112987012987,219.89441558441558,0,1,Beverages,Italian,1.0005,-0.12,220.01,88.0,4.4,110.01,2,25
2707,130,38386,220.73103896103896,220.82272727272726,0,1,Beverages,Italian,0.9996,0.09,220.73,88.29,4.414,110.37,2,26
2707,131,40294,220.99870129870132,221.0896103896104,0,1,Beverages,Italian,0.9996,0.09,221.0,88.4,4.42,110.5,2,27
2707,132,36703,221.17428571428573,221.30415584415587,0,0,Beverages,Italian,0.9994,0.13,221.17,88.47,4.424,110.59,2,28
2707,133,33840,222.07220779220782,222.38597402597404,0,0,Beverages,Italian,0.9986,0.31,222.07,88.83,4.442,111.04,2,29
2707,134,37705,221.6942857142857,221.5903896103896,0,0,Beverages,Italian,1.0005,-0.1,221.69,88.68,4.434,110.85,2,30
2707,135,17408,214.82714285714283,216.7285714285714,0,0,Beverages,Italian,0.9912,1.9,214.83,85.93,4.297,107.41,2,31
2707,136,39424,209.8168831168831,212.17376623376626,0,0,Beverages,Italian,0.9889,2.36,209.82,83.93,4.196,104.91,2,32
2707,137,35301,212.36194805194808,213.1307792207792,0,0,Beverages,Italian,0.9964,0.77,212.36,84.94,4.247,106.18,2,33
2707,138,33722,216.6179220779221,217.5268831168831,0,0,Beverages,Italian,0.9958,0.91,216.62,86.65,4.333,108.31,2,34
2707,139,37271,224.22441558441557,224.732987012987,0,0,Beverages,Italian,0.9977,0.51,224.22,89.69,4.484,112.11,2,35
2707,140,38684,227.6603896103896,228.43116883116883,0,0,Beverages,Italian,0.9966,0.77,227.66,91.06,4.553,113.83,2,36
2707,141,38249,228.75116883116883,228.92090909090908,0,0,Beverages,Italian,0.9993,0.17,228.75,91.5,4.575,114.38,2,37
2707,142,36462,228.6212987012987,228.68623376623376,0,0,Beverages,Italian,0.9997,0.06,228.62,91.45,4.573,114.31,2,38
2707,143,38609,228.57168831168832,229.3692207792208,0,0,Beverages,Italian,0.9965,0.8,228.57,91.43,4.572,114.29,2,39
2707,144,40484,223.21272727272728,225.1833766233766,0,0,Beverages,Italian,0.9912,1.97,223.21,89.29,4.464,111.61,2,40
2707,145,39833,218.34376623376625,222.08480519480517,0,0,Beverages,Italian,0.9832,3.74,218.34,87.34,4.367,109.17,2,41
